Case #1: RYBRYB
Case #2: IMPOSSIBLE
Case #3: YRBYRBYRBYRBYRBYRBYRBYRBYRBYRBYRBYRBYRBYRBYRBYRBYRBYRBYRBYRBYRBYRBYRBYRBYRBYRBYRBYRBYRBYRBYRBYRBYRBYRBYRBYRBYRBYRBYRBYRBYRBYRBYRBYRBYRBYRBYRBYRBYRBYRBYRBYRBYRBYRBYRBYRBYRBYRBYRBYBYBYBYBYBYBYBYBYBYBYBYBYBYBYBYBYBYBYBYBYBYBYBYBYBYBYBYBYBYBYBYBYBYBYBYBYBYBYBYBYBYBYBYBYBYBYBYRYRYRYRYRYRYRYRYRYRYRYRYRYRYRYRYRYRYRYRYRYRYRYRYRYR
Case #4: IMPOSSIBLE
Case #5: RYBRYBRYBRYBRYBRYBRYBRYBRYRYRYRYRYRYRYRYRYRYRYRYRYRYRYRYRYRYRYRYRYRYRYRYRYRBRBRBRBRBRBRBRBRBRBRBRBRBRBRBRBRBRBRBRBRBRBRBRBRBRBRBRBRBRBRBRBRBRBRBRBRBRBRBRBRBRBRBRBRBRBRBRBRBRBRBRBRBRBRBRBRBRBRBRBRBRBRBRBRBRBRBRBRBRBRBRBRBRBRBRBRBRBRBRBRBRBRBRBRBRBRBRBRBRBRBRBRBRBRBRBRBRBRBRBRBRBRBRBRBRBRBRBRBRBRBRBRBRBRBRBRBRBRBRBRBRBRBRBRBRBRBRBRBRBRBRBRBRBRBRBRBRBRBRBRBRBRBRBRBRBRBRB
Case #6: YRBYRBYRBYRBYRBYRBYRBYRBYRBYRBYRBYRBYRBYRBYRBYRBYRBYRBYRBYRBYRBYRBYRBYRBYRBYRBYRBYRBYRBYRBYRBYRBYRBYRBYRBYRBYRBYRBYRBYRBYRBYRBYRBYRBYRBYRBYRBYRBYRBYRBYRBYRBYRBYRBYRBYRBYRBYRBYRBYRBYRBYRBYRBYRBYRBYRBYRBYRBYRBYRBYRBYRBYRBYRBYRBYRBYRBYRBYRBYRBYRBYRBYRBYRBYRBYRBYRBYRBYRBYRBYRBYRBYRBYRBYRBYRBYRBYRBYRBYRBYRBYRBYRBYRBYRBYRBYRBYRBYRBYRBYRBYRBYRBYRBYRBYRBYBYBYBYBYBYBYBYBYBYBYBYBYBYBYBYBYBYBYBYBYBYBYBYBYBYBYBYBYBYBYBYBYBYBYBYBYBYBYBYBYBYBYBYBYBYBYBYBYBYBYBYBYBYBYBYBYBYBYBYBYBYBYBYBYBYBYBYBYBYBYBYBYBYBYBYBYBYBYBYBYBYBYBYBYBYBYBYBYBYBYBYBYBYBYBYBYBYBYBYBYBYBYBYBYBYBYBYBYBYBYBYBYBYBYBYBYBYBYBYBYBYBYBYBYBYBYBYBYBYBYBYBYBYBYBYBYBYBYRYRYRYRYRYRYRYRYRYRYRYRYRYRYRYRYRYRYRYRYRYRYRYRYRYRYRYRYRYRYRYRYRYRYRYRYRYRYRYRYRYRYRYRYRYRYRYRYRYRYRYRYRYRYRYRYRYRYRYRYRYRYRYRYRYRYRYRYRYRYRYRYRYRYRYRYRYRYRYRYRYRYRYRYRYRYR
Case #7: RYBRYBRYBRYBRYBRYBRYBRYBRYBRYBRYBRYRBRBRBRBRBRBRBRBRBRBRBRBRBRBRBRBRBRB
Case #8: RYRYRYRYRYRYRYRYRYRYRYRYRYRYRYRYRYRYRYRYRYRYRYRYRYRYRYRYRYRYRYRYRYRYRYRYRYRYRYRYRYRYRYRYRYRYRYRYRYRYRYRYRYRYRYRYRYRYRYRYRYRYRYRYRYRYRYRYRYRYRYRYRYRYRYRYRYRYRYRYRYRYRYRYRYRYRYRYRYRYRYRYRYRYRYRYRYRYRYRYRYRYRYRYRYRYRYRYRYRYRYRYRYRYRYRYRYRYRYRYRYRYRYRYRYRYRYRYRYRYRYRYRYRYRYRYRYRYRYRYRYRYRYRYRYRYRYRYRYRYRYRYRYRYRYRYRYRYRYRYRYRYRYRYRYRYRYRYRYRYRYRYRYRYRYRYRYRYRYRYRYRYRYRYRYRYRYRYRYRYRYRYRYRYRYRYRYRYRYRYRYRYRYRYRYRYRYRYRYRYRYRYRYRYRYRYRYRYRYRYRYRYRYRYRYRYRYRYRYRYRYRYRYRYRYRYRYRYRYRYRYRYRYRYRYRYRYRYRYRYRYRYRYRYRYRYRYRYRYRYRYRYRYRYRYRYRYRYRYRYRYRYRYRYRYRYRYRYRYRYRYRYRYRYRYRYRYRYRYRYRYRYRYRYRYRYRYRYRYRYRYRYRYRYRYRYRYRYRYRYRYRYRYRYRYRYRYRYRYRYRYRYRYRYRYRYRYRYRYRYRYRYRYRYRYRYRYRYRYRYRYRYRYRYRYRYRYRYRYRYRYRYRYRYRYRYRYRYRYRYRYRYRYRYRYRYRYRYRYRYRYRYRYRYRYRYRYRYRYRYRYRYRYRYRYRYRYRYRYRYRYRYRYRYRYRYRYRYRYRYRYRYRYRYRYRYRYRYRYRYRYRYRYRYRYRYRYRYRYRYRYRYRYRYRYRYRYRYRYRYRYRYRYRYRYRYRYRYRYRYRYRYRYRYRYRYRYRYRYRYRYRYRYRYRYRYRYRYRYRYRYRYRYRYRYRYRYRYRYRYRYRYRYRYRYRYRYRYRYRYRYRYRYRYRYRYRYRYRYRYRYRYRYRYRYRYRYRYRYRY
Case #9: YRBYRBYRBYRBYRBYRBYRBYRBYRBYRBYRBYRBYRBYRBYRBYRBYRBYRBYRBYRBYRBYRBYRBYRBYRBYRBYRBYRBYRBYRBYRBYRBYRBYRBYRBYRBYRBYRBYRBYRBYRBYRBYRBYRBYRBYRBYRBYRBYRBYRBYRBYRBYRBYRBYRBYRBYRBYRBYRBYRBYRBYRBYRBYRBYRBYRBYRBYRBYRBYRBYRBYBYBYBYBYBYBYBYBYBYBYBYBYBYBYBYBYBYBYBYBYBYBYBYBYBYBYBYBYBYBYBYBYBYBYBYBYBYBYBYBYBYBYBYBYBYBYBYBYBYBYRYRYRYRYRYRYRYRYRYRYRYRYRYRYRYRYRYRYRYRYRYRYRYRYRYRYRYRYRYRYRYRYRYRYRYRYRYRYRYRYRYRYRYRYRYRYRYRYRYRYRYRYRYRYRYRYRYRYRYRYRYRYRYRYRYRYRYRYRYRYRYRYRYRYRYRYRYRYRYRYRYRYRYRYRYRYRYRYRYRYRYRYRYRYRYRYRYRYRYRYRYRYRYRYRYRYRYRYRYRYRYRYRYRYRYRYRYRYRYRYRYRYRYRYRYRYRYRYRYRYRYRYRYRYRYRYRYRYRYRYRYRYRYRYRYRYRYRYRYRYRYRYRYRYRYRYRYRYRYRYRYRYRYRYRYRYRYRYRYRYRYRYRYRYRYRYRYRYRYRYRYRYRYRYRYRYRYRYRYRYRYRYRYRYRYRYRYRYRYRYRYRYRYRYRYRYRYRYRYRYRYRYRYRYRYRYRYRYRYRYRYRYRYRYRYRYRYRYRYRYRYRYRYRYRYRYRYRYRYRYRYRYRYRYRYRYRYRYRYRYRYRYRYRYRYRYRYRYRYRYRYRYRYRYRYRYRYRYRYR
Case #10: RYBRYBRYBRYBRYBRYBRYBRYBRYBRYBRYBRYBRYBRYRYRYRYRYRYRYRYRYRYRYRYRYRYRYRYRYRYRYRYRYRYRYRYRYRYRYRBRBRBRBRBRBRBRBRBRBRBRBRBRBRBRBRBRBRBRB
Case #11: YBYR
Case #12: RYBRYBRYBRYBRYBRYBRYBRYBRYBRYBRYBRYBRYBRYBRYBRYBRYRYRYRYRYRYRYRBRBRBRBRBRBRBRBRBRBRBRB
Case #13: RYRB
Case #14: RYBRYRYRYRYRYRYRYRBRBRBRBRBRBRBRBRBRBRBRB
Case #15: BRYBRYBRYBRYBRYBRYBRYBRYBRYBRYBRYBRYBRYBRYBRYBRYBRYBRYBRYBRYBRYBRYBRYBRYBRYBRYBRYBRYBRYBRYBRYBRYBRYBRYBRYBRYBRYBRYBRYBRYBRYBRYBRYBRYBRYBRYBRYBRYBRYBRYBRYBRYBRYBRYBRYBRYBRYBRYBYBYBYBYBYBYBYBYBYBYBYBYBYBYBYBYBYBYBYBYBYBYBYBYBYBYBYBYBYBYBYBYBYBYBYBYBYBYBYBYBYBYBYBYBYBYBYBYBYBYBYBYBYBYBYBYBYBYBYBYBYBRBRBRBRBRBRBRBRBRBRBRBRBRBRBRBRBRBRBRBR
Case #16: BRYBRYBRYBRYBRYBRYBRYBRYBRYBRYBRYBRYBRYBRYBRYBRYBRYBRYBRYBRYBRYBRYBRYBRYBRYBRYBRYBRYBRYBRYBRYBRYBRYBRYBRYBRYBRYBRYBRYBRYBRYBRYBRYBRYBRYBRYBRYBRYBRYBRYBRYBRYBRYBRYBRYBRYBRYBRYBRYBRYBRYBRYBRYBRYBRYBRYBRYBRYBRYBRYBRYBRYBRYBRYBRYBRYBRYBRYBRYBRYBRYBRYBRYBRYBYBYBYBYBYBYBYBYBYBYBYBYBYBYBYBYBYBYBYBYBYBYBYBYBYBYBYBYBYBYBYBYBYBYBYBYBYBYBYBYBYBYBYBYBYBYBRBRBRBRBRBRBRBRBRBRBRBRBRBRBRBRBRBRBRBRBRBRBRBRBRBRBRBRBRBRBRBRBRBRBRBRBRBRBRBRBRBRBRBRBRBRBRBRBRBRBRBRBRBR
Case #17: RYBRYBRYBRYBRYBRYBRYBRYBRYBRYBRYBRYBRYBRYBRYBRYBRYBRYBRYBRYBRYBRYBRYBRYBRYBRYBRYBRYBRYBRYBRYBRYBRYBRYBRYBRYBRYBRYBRYBRYBRYRYRYRYRYRYRYRYRYRYRYRYRYRYRYRYRYRYRYRYRYRYRYRYRYRYRYRYRYRYRYRYRYRYRYRYRYRYRYRYRYRYRYRYRYRYRYRYRYRYRYRYRYRYRYRYRYRYRYRYRYRYRYRYRYRYRYRYRYRYRYRYRYRYRYRYRYRYRYRYRYRYRYRYRYRYRYRYRYRYRYRYRYRYRYRYRYRYRYRYRYRYRYRYRYRYRYRYRYRYRYRYRYRYRYRYRYRYRYRYRYRYRYRYRYRYRYRYRYRYRYRYRYRYRYRYRYRYRYRYRYRYRYRYRYRYRYRYRYRYRYRYRYRYRYRYRYRYRYRYRYRYRYRYRYRYRYRYRYRYRYRYRYRYRYRYRYRYRYRYRYRYRYRYRYRYRYRYRYRYRYRYRYRYRYRYRYRYRYRYRYRYRYRYRBRBRBRBRBRBRBRBRBRBRBRBRBRBRBRBRBRBRBRBRBRBRBRBRBRBRBRBRBRBRBRBRBRBRBRBRBRBRBRBRBRBRBRBRBRBRBRBRBRBRBRBRBRBRBRBRBRBRBRBRBRBRBRBRBRBRBRBRBRBRBRBRBRBRBRBRBRBRBRBRBRBRBRBRBRBRBRBRBRBRBRBRBRBRBRBRBRBRBRBRB
Case #18: RYBRYBRYBRYBRYBRYBRYBRYBRYBRYBRYBRYBRYBRYBRYBRYBRYBRYBRYBRYBRYBRYBRYBRYBRYBRYBRYBRYBRYBRYBRYBRYBRYBRYBRYBRYBRYBRYBRYBRYBRYBRYBRYBRYBRYBRYBRYBRYBRYBRYBRYBRYBRYBRYBRYBRYBRYBRYBRYBRYBRYBRYBRYBRYBRYBRYBRYBRYBRYBRYBRYBRYBRYBRYBRYBRYBRYBRYBRYBRYBRYBRYBRYBRYBRYBRYBRYBRYBRYBRYBRYBRYBRYBRYBRYBRYBRYBRYBRYBRYBRYBRYBRYBRYBRYBRYBRYBRYBRYBRYBRYBRYBRYBRYBRYBRYBRYBRYBRYBRYBRYBRYBRYBRYBRYBRYBRYBRYBRYBRYBRYBRYBRYRYRYRYRYRYRYRYRYRYRYRYRYRYRYRYRYRYRYRYRYRYRYRYRYRYRYRYRYRYRYRYRBRBRBRBRBRBRBRBRBRB
Case #19: YRBYRBYRBYRBYRBYRBYRBYRBYRBYRBYRBYRBYRBYRBYRBYRBYRBYRBYRBYRBYRBYRBYRBYRBYRBYRBYRBYRBYRBYRBYRBYRBYRBYRBYRBYRBYRBYBYBYBYBYBYBYBYBYBYBYBYBYRYRYRYRYRYRYRYRYRYRYR
Case #20: YBYBYR
Case #21: YRBYRBYRBYRBYRBYRBYRBYRBYRBYRBYRBYRBYRBYRBYRBYRBYRBYRBYRBYRBYRBYRBYRBYBYBYBYBYBYBYBYBYBYBYBYBYBYBYBYBYBYBYBYBYBYBYBYBYBYBYBYBYBYBYBYBYBYBYBYBYBYBYBYBYBYBYBYBYBYBYBYBYBYBYBYBYBYBYBYBYBYBYBYBYBYBYBYBYBYBYBYBYBYBYBYBYBYBYBYBYBYBYBYBYBYBYBYBYBYBYBYBYBYBYBYBYBYBYBYBYBYBYBYBYBYBYBYBYBYBYBYBYBYBYBYBYBYBYBYBYBYBYBYBYBYBYBYBYBYBYBYBYBYBYBYBYBYBYBYBYBYBYBYBYBYBYBYBYBYBYBYBYBYBYBYBYBYBYBYBYBYBYBYBYBYBYBYBYBYBYBYBYBYBYBYBYBYBYBYBYBYBYBYBYBYBYBYBYBYBYBYBYBYBYBYBYBYBYBYBYBYBYBYBYBYBYBYBYBYBYBYBYBYBYBYBYBYBYBYBYBYBYBYBYBYBYBYBYBYBYBYBYBYBYBYBYBYBYBYBYBYBYBYBYBYBYBYBYBYBYBYBYBYBYBYBYBYBYBYBYBYBYBYBYBYBYBYBYBYBYBYBYBYBYBYBYBYBYBYBYBYBYRYRYRYRYRYRYRYRYRYRYRYRYRYRYRYRYRYRYRYRYRYRYRYRYRYRYRYRYRYRYRYRYRYRYRYRYRYRYRYRYRYR
Case #22: IMPOSSIBLE
Case #23: IMPOSSIBLE
Case #24: YRBYRBYRBYRBYRBYRBYRBYRBYRBYRBYRBYRBYRBYRBYRBYRBYRBYRBYRBYRBYRBYBYBYBYBYBYBYBYBYBYBYRYRYRYRYRYRYRYRYRYRYRYRYRYRYRYRYRYRYRYR
Case #25: RYBRYRB
Case #26: BYBR
Case #27: RYBRYBRYBRYBRYBRYBRYBRYBRYBRYBRYBRYBRYBRYBRYBRYBRYBRYBRYBRYBRYBRYBRYBRYBRYBRYBRYBRYBRYBRYBRYBRYBRYBRYBRYBRYBRYBRYBRYBRYBRYBRYBRYBRYBRYBRYBRYBRYBRYBRYBRYBRYBRYBRYBRYBRYBRYBRYBRYBRYBRYBRYBRYBRYBRYBRYBRYBRYBRYBRYBRYBRYBRYBRYBRYBRYBRYBRYBRYBRYBRYBRYBRYBRYBRYBRYBRYBRYBRYBRYBRYBRYBRYBRYBRYBRYBRYBRYBRYBRYBRYBRYBRYBRYBRYBRYBRYBRYBRYBRYBRYBRYBRYBRYBRYBRYBRYBRYBRYBRYBRYBRYBRYBRYBRYBRYBRYBRYBRYBRYBRYBRYBRYBRYBRYBRYBRYBRYBRYBRYBRYBRYBRYBRYBRYBRYBRYBRYBRYBRYBRYBRYBRYBRYBRYBRYBRYBRYBRYBRYBRYBRYBRYBRYBRYBRYBRYBRYBRYBRYBRYBRYBRYBRYBRYBRYBRYBRYBRYBRYBRYBRYBRYBRYBRYBRYBRYBRYBRYBRYBRYBRYBRYBRYBRYBRYBRYBRYBRYBRYBRYBRYBRYBRYBRYBRYBRYBRYBRYBRYBRYBRYBRYBRYBRYBRYBRYBRYBRYBRYBRYBRYBRYBRYBRYBRYBRYBRYBRYBRYBRYBRYBRYBRYBRYBRYBRYBRYBRYBRYBRYBRYBRYBRYBRYBRYBRYBRYBRYBRYBRYBRYBRYBRYBRYBRYBRYBRYBRYBRYBRYBRYBRYBRYBRYBRYBRYBRYBRYBRYBRYBRYBRYBRYBRYBRYBRYBRYBRYBRYBRYBRYBRYBRYBRYBRYBRYBRYBRYBRYBRYBRYBRYBRYBRYBRYBRYBRYBRYBRYBRYBRYBRYBRYBRYBRYBRYBRYBRYBRYBRYBRYBRYBRYBRYBRYBRYBRYBRYBRYBRYBRYBRYBRYBRYBRYBRYBRYBRYBRYBRYBRYBRYB
Case #28: RYBRY
Case #29: RBRBRB
Case #30: RYB
Case #31: RYBRYBRYBRYBRYBRYBRYBRYBRYBRYBRYBRYBRYBRYBRYBRYBRYBRYBRYBRYBRYBRYBRYBRYBRYBRYBRYBRYBRYBRYBRYBRYBRYBRYBRYBRYBRYBRYBRYBRYBRYBRYBRYBRYBRYBRYBRYBRYBRYBRYBRYBRYBRYBRYBRYBRYBRYBRYBRYBRYBRYBRYBRYBRYBRYBRYBRYBRYBRYBRYBRYBRYBRYBRYBRYBRYBRYBRYBRYBRYBRYBRYBRYBRYBRYBRYBRYBRYBRYBRYBRYBRYBRYBRYBRYBRYBRYBRYBRYBRYBRYBRYBRYBRYBRYBRYBRYBRYBRYBRYBRYBRYBRYBRYBRYBRYBRYBRYBRYBRYBRYBRYBRYBRYBRYBRYBRYBRYBRYBRYBRYBRYBRYBRYBRYBRYBRYBRYBRYBRYBRYBRYBRYBRYBRYBRYBRYBRYBRYBRYBRYBRYBRYBRYBRYBRYBRYBRYBRYBRYBRYBRYBRYBRYBRYBRYBRYBRYBRYBRYBRYBRYBRYBRYBRYBRYBRYBRYBRYBRYBRYBRYBRYBRYBRYBRYBRYBRYBRYBRYBRYBRYBRYBRYBRYBRYBRYBRYBRYBRYBRYBRYBRYBRYBRYBRYBRYBRYBRYBRYBRYBRYBRYBRYBRYBRYBRYBRYBRYBRYBRYBRYBRYRYRYRYRYRYRYRYRYRYRYRYRYRYRYRYRYRYRYRYRYRYRYRYRYRYRYRYRYRYRYRYRYRYRYRYRYRYRYRYRYRYRYRYRYRYRYRYRYRYRYRYRYRYRYRYRYRYRYRYRYRYRYRYRYRYRYRYRYRYRYRYRYRYRYRYRYRYRYRYRYRYRYRYRYRYRYRYRYRYRYRYRYRYRYRYRYRYRYRBRBRBRBRBRBRBRBRBRBRBRBRBRBRBRBRBRBRBRBRBRBRBRBRBRBRBRBRBRBRBRBRBRBRBRBRBRBRBRBRBRBRBRBRBRBRBRBRBRBRBRBRBRBRBRBRBRB
Case #32: BRYBRYBRYBRYBRYBRYBRYBRYBRYBRYBRYBRYBRYBRYBRYBRYBRYBRYBRYBRYBRYBRYBRYBRYBRYBRYBRYBRYBRYBRYBRYBRYBRYBRYBRYBRYBRYBRYBRYBRYBRYBRYBRYBRYBRYBRYBRYBRYBRYBRYBRYBRYBRYBRYBRYBRYBRYBRYBRYBRYBRYBRYBRYBRYBRYBRYBRYBRYBRYBRYBRYBRYBRYBRYBRYBRYBRYBRYBRYBRYBRYBRYBRYBRYBRYBRYBRYBRYBRYBRYBRYBRYBRYBRYBRYBRYBRYBRYBRYBRYBRYBRYBRYBRYBRYBRYBRYBRYBRYBRYBRYBRYBRYBRYBRYBRYBRYBRYBRYBRYBYBYBYBYBYBYBYBYBYBYBYBRBRBRBRBRBRBRBRBRBR
Case #33: IMPOSSIBLE
Case #34: RYBRYBRYBRYBRYBRYBRYBRYBRYBRYBRYBRYBRYBRYBRYBRYBRYBRYBRYBRYBRYBRYBRYBRYBRYBRYBRYBRYBRYBRYRYRYRYRYRYRYRYRYRYRYRYRYRYRYRYRYRYRYRYRYRYRYRYRYRYRYRYRYRYRYRYRYRYRYRBRBRBRBRBRBRBRBRB
Case #35: RYRY
Case #36: IMPOSSIBLE
Case #37: RYBRYBRYBRYBRYBRYRYRYRYRYRYRYRYRYRYRYRYRYRYRYRYRYRYRYRYRYRYRYRYRYRYRYRYRYRYRYRYRYRYRYRYRYRYRYRYRYRYRYRYRYRYRYRYRYRYRYRBRBRBRBRBRBRBRBRBRBRBRBRBRBRBRBRBRBRBRBRBRBRBRBRBRBRBRBRBRBRBRBRBRBRBRBRBRBRB
Case #38: YRBYRBYRBYBYBYBYBYBYBYBYBYBYBYBYBYBYBYBYBYBYBYBYBYBYBYBYBYBYBYBYBYBYBYBYBYBYBYBYBYBYBYBYBYBYBYRYRYRYRYRYRYRYRYRYRYRYRYRYRYRYRYRYRYRYRYRYRYRYRYRYRYRYRYRYRYR
Case #39: IMPOSSIBLE
Case #40: YRBYRBYRBYRBYRBYRBYRBYRBYRBYRBYRBYRBYRBYRBYRBYRBYRBYRBYRBYRBYRBYRBYRBYRBYRBYRBYRBYRBYRBYRBYRBYRBYRBYRBYRBYRBYRBYRBYRBYRBYRBYRBYRBYRBYRBYRBYRBYRBYRBYRBYRBYRBYRBYRBYRBYRBYRBYRBYRBYRBYRBYRBYRBYRBYRBYRBYRBYRBYRBYRBYRBYRBYRBYRBYRBYRBYRBYRBYRBYRBYRBYRBYRBYRBYRBYRBYRBYRBYRBYRBYRBYRBYRBYRBYRBYRBYRBYRBYRBYRBYRBYRBYRBYRBYRBYRBYRBYRBYRBYRBYRBYRBYRBYRBYRBYRBYBYBYBYBYBYBYBYBYBYBYBYBYBYBYBYBYBYBYBYBYBYBYBYBYBYBYBYBYBYBYBYBYBYBYBYBYBYBYBYBYBYBYBYBYBYBYBYBYBYBYBYBYBYBYBYBYBYBYBYBYBYBYBYBYBYBYBYBYBYBYBYBYBYBYBYBYBYBYBYBYBYBYBYBYBYBYBYBYBYBYBYBYBYBYBYBYBYBYBYBYBYBYBYBYBYBYBYBYBYBYBYBYBYBYBYBYBYBYBYBYBYBYBYBYBYBYBYBYBYBYBYBYBYBYBYBYBYBYBYBYBYBYBYBYBYBYBYBYBYBYBYBYBYBYBYBYBYBYBYBYBYBYBYBYBYBYBYBYBYBYBYBYBYBYBYBYBYBYBYBYBYBYBYRYRYRYRYRYRYRYRYRYRYRYRYRYRYRYRYRYRYRYRYRYRYRYRYRYRYRYRYRYRYRYRYRYRYRYRYRYRYRYRYRYRYRYRYRYRYRYRYRYRYRYRYRYRYRYRYRYRYRYRYRYRYRYRYRYRYRYRYRYR
Case #41: IMPOSSIBLE
Case #42: RYBRYBRYBRYBRYBRYBRYBRYBRYBRYBRYBRYBRYBRYBRYBRYBRYBRYBRYBRYBRYBRYBRYRYRYRYRYRYRYRYRYRYRYRYRYRYRYRYRYRYRYRYRYRYRYRYRYRYRYRYRYRYRYRYRYRYRYRYRYRYRYRYRYRYRYRYRYRYRYRYRYRYRYRYRYRYRYRYRYRYRYRYRYRYRYRYRYRYRYRYRYRYRYRYRYRYRYRYRYRYRYRYRYRYRYRYRYRYRYRYRYRYRYRYRYRYRYRYRYRYRYRYRYRYRYRYRYRYRYRYRYRYRYRYRYRYRYRYRYRYRYRYRYRYRYRYRYRYRYRYRYRYRYRYRYRYRYRYRYRYRYRYRYRYRYRYRYRYRYRYRYRYRYRYRYRYRYRYRYRYRYRYRYRYRYRYRYRYRYRYRYRYRYRYRYRYRYRYRYRYRYRYRYRYRYRYRYRYRYRYRYRBRBRBRBRBRBRBRBRBRBRBRBRBRBRBRBRBRB
Case #43: RYBRYBRYBRYBRYBRYBRYBRYBRYBRYBRYBRYBRYBRYBRYBRYBRYBRYBRYBRYBRYBRYBRYBRYBRYBRYBRYBRYBRYBRYBRYBRYBRYBRYBRYBRYBRYBRYBRYBRYBRYBRYBRYBRYBRYBRYBRYBRYBRYBRYBRYBRYBRYBRYBRYBRYBRYBRYBRYBRYRYRYRYRYRYRYRYRYRYRYRYRYRYRYRYRYRYRYRYRYRYRYRYRYRYRYRYRYRBRBRBRBRBRBRBRBRBRBRBRBRBRBRBRBRB
Case #44: IMPOSSIBLE
Case #45: RYRYRB
Case #46: BRYBRYBRYBRYBRYBRYBRYBRYBRYBRYBRYBRYBRYBRYBRYBRYBRYBRYBRYBRYBRYBRYBRYBRYBRYBRYBRYBRYBRYBRYBRYBRYBRYBRYBRYBRYBRYBRYBRYBRYBRYBRYBRYBRYBRYBRYBRYBRYBRYBRYBRYBRYBRYBRYBRYBRYBRYBRYBRYBRYBRYBRYBRYBRYBRYBRYBRYBRYBRYBRYBRYBRYBRYBRYBRYBRYBRYBRYBRYBRYBRYBRYBRYBRYBRYBRYBRYBRYBRYBRYBRYBRYBRYBRYBRYBRYBRYBRYBRYBRYBRYBRYBRYBRYBRYBRYBRYBRYBRYBRYBRYBRYBRYBRYBRYBRYBRYBRYBRYBRYBRYBRYBRYBRYBRYBRYBRYBRYBRYBRYBRYBRYBRYBRYBRYBRYBRYBRYBRYBRYBRYBRYBRYBRYBRYBRYBRYBRYBRYBRYBRYBRYBRYBYBYBYBYBYBYBYBYBYBYBYBYBYBYBYBYBYBYBYBYBYBYBYBYBYBYBYBYBYBYBYBYBYBYBYBYBYBYBYBYBYBYBYBYBYBYBYBYBYBYBYBYBYBYBYBYBYBYBYBYBYBYBYBYBYBYBYBYBYBYBYBYBYBYBYBYBYBYBYBYBYBYBYBYBYBYBYBYBYBYBYBYBYBYBYBYBYBYBYBYBYBYBYBYBYBYBYBYBYBYBYBYBYBYBYBYBYBYBYBYBYBYBYBYBYBYBYBYBYBRBRBRBRBRBRBRBRBRBRBRBRBRBRBRBRBRBRBRBRBRBRBRBRBRBRBRBRBRBRBRBRBRBRBRBRBRBRBRBRBRBRBRBRBRBRBRBRBRBRBRBRBRBRBRBRBRBRBRBRBRBRBRBRBRBRBRBRBRBRBRBRBRBRBRBRBRBRBRBRBRBRBRBRBRBRBRBRBRBRBRBRBRBRBRBRBRBRBRBRBRBRBRBRBRBRBRBRBRBRBRBRBRBRBRBR
Case #47: BYBRBRBRBRBRBRBRBRBRBRBRBRBRBRBRBRBRBRBRBRBRBRBRBRBRBRBRBRBRBRBRBRBRBRBRBRBRBRBRBRBRBRBRBRBRBRBRBRBRBRBRBRBRBRBRBRBRBRBRBRBRBRBRBRBRBRBRBRBRBRBRBRBRBRBRBRBRBRBRBRBRBRBRBRBRBRBRBRBRBRBRBRBRBRBRBRBRBRBRBRBRBRBRBRBRBRBRBRBRBRBRBRBRBRBRBRBRBRBRBRBRBRBRBRBRBRBRBRBRBRBRBRBRBRBRBRBRBRBRBRBRBRBRBRBRBRBRBRBRBRBRBRBRBRBRBRBRBRBRBRBRBRBRBRBRBRBRBRBRBRBRBRBRBRBRBRBRBRBRBRBRBRBRBRBRBRBRBRBRBRBRBRBRBRBRBRBRBRBRBRBRBRBRBRBRBRBRBRBRBRBRBRBRBRBRBRBRBRBRBRBRBRBRBRBRBRBRBRBRBRBRBRBRBRBRBRBRBRBRBRBRBRBRBRBRBRBRBRBRBRBRBRBRBRBRBRBRBRBRBRBRBRBRBRBRBRBRBRBRBRBRBRBRBRBRBRBRBRBRBRBRBRBRBRBRBRBRBRBRBRBRBRBRBRBRBRBRBRBRBRBRBRBRBRBRBRBRBRBRBRBRBRBRBRBRBRBRBRBRBRBRBRBRBRBRBRBRBRBRBRBRBRBRBRBRBRBRBRBRBRBRBRBRBRBRBRBRBRBRBRBRBRBRBRBRBRBRBRBRBRBRBRBRBRBRBRBRBRBRBRBRBRBRBRBRBRBRBRBRBRBRBRBRBRBRBRBRBRBRBRBRBRBRBRBRBRBRBRBRBRBRBRBRBRBRBRBRBRBRBRBRBRBRBRBRBRBRBRBRBRBRBRBRBRBRBRBRBRBRBRBRBRBRBRBRBRBRBRBRBRBRBRBRBRBRBRBRBRBRBRBRBRBRBRBRBRBRBRBRBRBRBRBRBRBRBRBRBRBRBRBRBRBRBRBRBRBRBRBRBRBRBRBRBRBRBRBRBRBRBRBRBRBRBRBRBRBRBRBR
Case #48: YBYBYBYBYBYBYBYBYBYBYBYBYBYBYBYBYBYBYBYBYBYBYBYBYBYBYBYBYBYBYBYBYBYBYBYBYBYBYBYBYBYBYBYBYBYBYBYBYBYBYBYBYBYBYBYBYBYBYBYBYBYBYBYBYBYBYBYBYBYBYBYBYBYBYBYBYBYBYBYBYBYBYBYBYBYBYBYBYBYBYBYBYBYBYBYBYBYBYBYBYBYBYBYBYBYBYBYBYBYBYBYBYBYBYBYBYBYBYBYBYBYBYBYBYBYBYBYBYBYBYBYBYBYBYBYBYBYBYBYBYBYBYBYBYBYBYBYBYBYBYBYBYBYBYBYBYBYBYBYBYBYBYBYBYBYBYBYBYBYBYBYBYBYBYBYBYBYBYBYBYBYBYBYBYBYBYBYBYBYBYBYBYBYBYBYBYBYBYBYBYBYBYBYBYBYBYBYBYBYBYBYBYBYBYBYBYBYBYBYBYBYBYBYBYBYBYBYBYBYBYBYBYBYBYBYBYBYBYBYBYBYBYBYBYBYBYBYBYBYBYRYRYRYRYRYRYRYRYRYRYRYRYRYRYRYRYRYRYRYRYRYRYRYRYRYRYRYRYRYRYRYRYRYRYRYRYRYRYRYRYRYRYRYRYRYRYRYRYRYRYRYRYRYRYRYRYRYRYRYRYRYRYRYRYRYRYRYRYRYRYRYRYRYRYRYRYRYRYRYRYRYRYRYRYRYRYRYRYRYRYRYRYRYRYRYRYRYRYRYRYRYRYRYRYRYRYRYRYRYRYRYRYRYRYRYRYRYRYRYRYRYRYRYRYRYRYRYRYRYRYRYRYRYRYRYRYRYRYRYRYRYRYRYRYRYRYRYRYRYRYRYRYRYRYRYRYRYRYRYRYRYRYRYRYRYRYRYRYRYRYRYRYRYRYRYRYRYRYRYRYRYRYRYRYRYRYRYRYRYRYRYRYRYRYRYRYRYRYRYRYRYRYRYRYRYRYRYRYRYRYRYRYRYRYRYRYRYRYRYRYRYRYRYRYRYRYRYRYRYRYRYRYRYRYRYRYRYRYRYRYRYRYRYRYRYRYRYRYRYR
Case #49: BRYBRYBRYBRYBRYBRYBRYBRYBRYBRYBRYBRYBRYBRYBRYBRYBRYBRYBRYBRYBRYBRYBRYBRYBRYBRYBRYBRYBRYBRYBRYBRYBRYBRYBRYBRYBRYBRYBRYBRYBRYBRYBRYBRYBRYBRYBRYBRYBRYBRYBRYBRYBRYBRYBRYBRYBRYBRYBRYBRYBRYBRYBRYBRYBRYBRYBRYBRYBRYBRYBYBYBYBYBYBYBYBYBYBYBYBYBYBYBYBYBYBYBYBYBYBYBRBRBRBRBRBRBRBRBRBRBRBRBRBRBRBRBRBRBRBRBRBRBRBRBRBRBRBRBRBRBRBRBRBRBRBRBRBRBRBRBRBRBRBRBRBRBRBRBRBRBRBRBRBRBRBRBRBRBRBRBRBRBRBRBRBRBRBRBRBRBRBRBRBRBRBRBRBRBRBRBRBRBRBRBRBRBRBRBRBRBRBRBRBRBRBRBRBRBRBRBRBRBRBRBRBRBRBRBRBRBRBRBRBRBRBRBRBRBRBRBRBRBRBRBRBRBRBRBRBRBRBRBRBRBRBRBRBRBRBRBRBRBRBRBRBRBRBRBRBRBRBRBRBRBRBRBRBRBRBRBRBRBRBRBRBRBRBRBRBRBRBRBRBRBRBRBRBRBRBRBRBRBRBRBRBRBRBRBRBRBRBRBRBRBRBRBRBRBRBRBRBRBRBRBRBRBRBRBRBRBRBRBRBRBRBRBRBRBRBRBRBRBRBRBRBRBRBRBRBRBRBRBRBRBRBRBRBRBRBRBRBRBRBRBRBRBRBRBRBRBRBRBRBRBRBRBRBRBRBRBRBR
Case #50: YRBYRBYRBYRBYRBYRBYRBYRBYRBYRBYRBYRBYRBYRBYRBYRBYRBYRBYRBYRBYRBYRBYRBYRBYRBYRBYRBYRBYRBYRBYRBYRBYRBYRBYRBYRBYRBYRBYRBYRBYRBYRBYRBYRBYRBYRBYRBYRBYRBYRBYRBYRBYRBYRBYRBYRBYRBYRBYRBYRBYRBYRBYRBYRBYRBYRBYRBYRBYRBYRBYRBYRBYRBYRBYRBYRBYRBYRBYRBYRBYRBYRBYRBYRBYRBYRBYRBYRBYRBYRBYRBYRBYRBYRBYRBYRBYRBYRBYRBYRBYRBYRBYRBYRBYRBYRBYRBYRBYBYBYBYBYBYBYBYBYBYBYBYBYBYBYBYBYRYRYRYRYRYRYRYRYRYRYRYRYRYRYRYRYRYRYRYRYRYRYRYRYRYRYRYRYRYRYRYRYRYRYRYRYRYRYRYRYRYRYRYRYRYRYRYRYRYRYRYRYRYRYRYRYRYRYRYRYRYRYRYRYRYRYRYRYRYRYRYRYRYRYRYRYRYRYRYRYRYRYRYRYRYRYRYRYRYRYRYRYRYRYRYRYR
Case #51: YRBYRBYRBYRBYRBYRBYRBYRBYRBYRBYRBYRBYRBYRBYRBYRBYRBYRBYBYBYRYRYRYRYRYRYRYRYRYRYRYRYRYRYRYRYRYRYRYRYRYRYRYRYRYRYRYRYR
Case #52: IMPOSSIBLE
Case #53: YRBYBYBYBYBYBYBYBYBYBYBYBYBYBYBYBYBYBYBYBYBYBYBYBYBYBYBYBYBYBYBYBYBYBYBYBYBYBYBYBYBYBYBYBYBYBYBYBYBYBYBYBYBYBYBYBYBYBYBYBYBYBYBYBYBYBYBYBYBYBYBYBYBYBYBYBYBYBYBYBYBYBYBYBYBYBYBYBYBYBYBYBYBYBYBYBYBYBYBYBYBYBYBYBYBYBYBYBYBYBYBYBYBYBYBYBYBYBYBYBYBYBYBYBYBYBYBYBYBYBYBYBYBYBYBYBYBYBYBYBYBYBYBYBYBYBYBYBYBYBYBYBYBYBYBYBYBYBYBYBYBYBYBYBYBYBYBYBYBYBYBYBYBYBYBYBYBYBYBYBYBYBYBYBYBYBYBYBYBYBYBYBYBYBYBYBYBYBYBYBYBYBYBYBYBYBYBYBYBYBYBYBYBYBYBYBYBYBYBYBYBYBYBYBYBYBYBYBYBYBYBYBYBYBYBYBYBYBYBYBYBYBYBYBYBYBYBYBYBYBYBYBYBYBYBYBYBYBYBYBYBYBYBYBYBYBYBYBYBYBYBYBYBYBYBYBYBYBYBYBYBYBYBYBYBYBYBYBYBYBYBYBYBYBYBYBYBYBYBYBYBYBYBYBYBYBYBYBYBYBYBYBYBYBYBYBYBYBYBYBYBYBYBYBYBYBYBYBYBYBYBYBYBYBYBYBYBYBYBYBYBYBYBYBYBYBYBYBYBYBYBYBYBYBYBYBYBYBYBYBYBYBYBYBYBYBYBYBYBYBYBYBYBYBYBYBYBYBYBYBYBYBYBYBYBYBYBYBYBYBYBYBYBYBYBYBYBYBYBYBYBYBYBYBYBYBYBYBYBYBYBYBYBYBYBYBYBYBYBYBYBYBYBYBYBYBYBYBYBYBYBYBYBYBYBYBYBYBYBYBYBYBYBYBYBYBYBYBYBYBYBYBYBYBYBYBYBYBYBYBYBYBYBYBYBYBYBYBYBYBYBYBYBYBYBYBYBYBYBYBYBYBYBYBYBYBYBYBYBYBYBYBYBYBYBYBYBYBYB
Case #54: RYBRYRYRYRYRYRYRYRYRYRYRYRYRYRYRYRYRYRYRYRYRYRYRYRYRYRYRYRYRYRYRYRYRYRYRYRYRYRYRYRYRYRYRYRYRYRYRYRYRYRYRYRYRYRYRYRYRYRYRYRYRYRYRYRYRYRYRYRYRYRYRYRYRYRYRYRYRYRYRYRYRYRYRYRYRYRYRYRYRYRYRYRYRYRYRYRYRYRYRYRYRYRYRYRYRYRYRYRYRYRYRYRYRYRYRYRYRYRYRYRYRYRYRYRYRYRYRYRYRYRYRYRYRYRYRYRYRYRYRYRYRYRYRYRYRYRYRYRYRYRYRYRYRYRYRYRYRYRYRYRYRYRYRYRYRYRYRYRYRYRYRYRYRYRYRYRYRYRYRYRYRYRYRYRYRYRYRYRYRYRYRYRYRYRYRYRYRYRYRYRYRYRYRYRYRYRYRYRYRYRYRYRYRYRYRYRYRYRYRYRYRYRYRYRYRYRYRYRYRYRYRYRYRYRYRYRYRYRYRYRYRYRYRYRYRYRYRYRYRYRBRBRBRBRBRBRBRBRBRBRBRBRBRBRBRBRBRBRBRBRBRBRBRBRBRBRBRBRBRBRBRBRBRBRBRBRBRBRBRBRBRBRBRBRBRBRBRBRBRBRBRBRBRBRBRBRBRBRBRBRBRBRBRBRBRBRBRBRBRBRBRBRBRBRBRBRBRBRBRBRBRBRBRBRBRBRBRBRBRBRBRBRBRBRBRBRBRBRBRBRBRBRBRBRBRBRBRBRBRBRBRBRBRBRBRBRBRBRBRBRBRBRBRBRBRBRBRBRBRBRBRBRBRBRBRBRBRBRBRBRBRBRBRBRBRBRBRBRBRBRBRBRBRBRBRBRBRBRBRBRBRBRBRBRBRBRBRBRBRBRBRBRBRBRBRBRBRBRBRBRBRBRBRBRBRBRBRBRBRBRBRBRBRBRBRBRBRBRBRBRBRBRBRBRBRBRBRBRBRBRBRBRBRBRBRBRBRBRBRBRBRBRBRBRBRBRBRBRBRBRBRBRBRBRBRBRBRBRBRBRBRBRBRBRBRBRBRBRB
Case #55: IMPOSSIBLE
Case #56: RBRB
Case #57: RYRYRYRYRYRYRYRYRYRYRYRYRYRYRBRBRBRBRBRBRBRBRBRBRB
Case #58: RYBRYBRYBRYBRYBRYBRYBRYBRYBRYBRYBRYBRYBRYBRYBRYBRYBRYBRYBRYBRYBRYBRYBRYBRYBRYBRYBRYBRYBRYBRYBRYBRYBRYBRYBRYBRYBRYBRYBRYBRYBRYBRYBRYBRYBRYBRYBRYBRYBRYBRYBRYBRYBRYBRYBRYBRYBRYBRYBRYBRYBRYBRYBRYBRYBRYBRYBRYBRYBRYBRYBRYBRYBRYBRYBRYBRYBRYBRYBRYBRYBRYBRYBRYBRYBRYBRYBRYBRYBRYBRYBRYBRYBRYBRYBRYBRYBRYBRYBRYBRYBRYBRYBRYBRYBRYBRYBRYBRYBRYBRYBRYBRYBRYBRYBRYBRYBRYBRYBRYBRYBRYBRYBRYBRYBRYBRYBRYBRYBRYBRYBRYBRYBRYBRYBRYBRYBRYBRYBRYBRYBRYBRYBRYBRYBRYBRYBRYBRYBRYBRYBRYBRYBRYBRYBRYBRYBRYBRYBRYBRYBRYBRYBRYBRYBRYBRYBRYBRYBRYBRYBRYBRYBRYBRYBRYBRYBRYBRYBRYBRYBRYBRYBRYBRYBRYBRYBRYBRYBRYBRYBRYBRYBRYBRYBRYBRYBRYBRYBRYBRYBRYBRYBRYBRYBRYBRYBRYBRYBRYBRYBRYBRYBRYBRYBRYBRYBRYBRYBRYBRYBRYBRYBRYBRYBRYBRYBRYBRYBRYBRYBRYBRYBRYBRYBRYBRYBRYBRYBRYBRYBRYBRYBRYBRYBRYBRYBRYBRYBRYBRYBRYBRYBRYBRYBRYBRYBRYBRYBRYBRYBRYBRYBRYBRYBRYBRYBRYBRYBRYBRYBRYBRYBRYBRYBRYBRYBRYBRYBRYBRYBRYBRYBRYBRYBRYBRYBRYBRYBRYBRYBRYBRYBRYBRYBRYBRYBRYBRYBRYBRYBRYBRYBRYBRYBRYBRYBRYBRYBRYBRYBRYBRYBRYBRYBRYBRYBRYBRYBRYBRYBRYBRYBRYBRYBRYBRYBRYBRYBRYBRYBRYBRYRB
Case #59: RYBRYBRYBRYBRYBRYBRYBRYBRYBRYBRYBRYBRYBRYBRYBRYBRYBRYBRYBRYBRYBRYBRYBRYBRYBRYBRYBRYBRYBRYBRYBRYBRYBRYBRYBRYBRYBRYBRYBRYBRYBRYBRYBRYBRYBRYBRYBRYBRYBRYBRYBRYBRYBRYBRYBRYBRYBRYBRYBRYBRYBRYBRYBRYBRYBRYBRYBRYBRYBRYBRYBRYBRYBRYBRYBRYBRYBRYBRYBRYBRYBRYBRYBRYBRYBRYBRYBRYBRYBRYRYRYRYRYRYRYRYRYRYRYRYRYRYRYRYRYRYRYRYRYRYRYRYRYRYRYRYRYRYRYRYRYRYRYRYRYRYRYRYRYRYRYRYRYRYRYRYRYRYRYRYRYRYRYRYRYRYRYRYRYRYRYRYRYRYRYRYRYRYRYRYRYRYRYRYRYRYRYRYRYRBRBRBRBRBRBRBRBRBRBRBRBRBRBRBRBRBRBRBRBRBRBRBRBRBRBRBRBRBRBRBRB
Case #60: YRBYRBYRBYRBYRBYRBYRBYRBYRBYRBYRBYRBYRBYRBYRBYRBYRBYRBYRBYRBYRBYRBYRBYRBYRBYRBYRBYRBYRBYRBYRBYRBYRBYRBYRBYRBYRBYRBYRBYRBYRBYRBYRBYRBYRBYRBYRBYRBYRBYRBYRBYRBYRBYRBYRBYRBYRBYRBYRBYRBYRBYRBYRBYRBYRBYRBYRBYRBYRBYRBYRBYRBYRBYRBYRBYRBYRBYRBYRBYRBYRBYRBYRBYRBYRBYRBYRBYRBYRBYRBYRBYRBYRBYRBYRBYRBYRBYRBYRBYRBYRBYRBYRBYRBYRBYRBYRBYRBYRBYRBYRBYRBYRBYRBYRBYRBYRBYRBYRBYRBYRBYRBYRBYRBYRBYRBYRBYRBYRBYRBYRBYRBYRBYRBYBYBYBYBYBYBYBYBYBYBYBYBYBYBYBYBYBYBYBYBYBYBYBYBYBYBYBYBYBYBYBYBYBYBYBYBYBYBYBYBYBYBYBYBYBYBYBYBYBYBYBYBYBYBYBYBYBYBYBYBYBYBYBYBYBYBYBYBYBYBYBYBYBYBYBYBYBYBYBYBYBYBYBYBYBYBYBYBYBYBYBYBYBYBYBYBYBYBYBYBYBYBYBYBYBYBYBYBYBYBYBYBYBYBYBYBYBYBYBYBYBYBYBYBYBYBYBYBYBYBYBYBYBYBYBYBYBYBYBYBYBYBYBYBYBYBYBYBYBYBYBYBYBYBYBYBYBYBYBYBYBYBYBYBYBYBYBYBYBYBYBYBYBYBYBYBYBYBYBYBYBYBYBYBYBYBYBYBYBYBYBYBYBYBYBYBYBYBYBYBYBYBYBYBYBYBYBYBYBYBYBYBYBYBYBYBYBYBYBYBYBYBYBYBYBYBYBYBYBYBYBYBYBYBYBYBYBYBYRYRYRYRYRYRYRYRYRYRYRYRYRYRYRYRYRYRYRYRYR
Case #61: IMPOSSIBLE
Case #62: YRBYRBYRBYRBYRBYRBYRBYRBYRBYRBYRBYRBYRBYRBYRBYRBYRBYRBYRBYRBYRBYRBYRBYRBYRBYRBYRBYBYBYBYBYBYBYBYBYBYBYBYBYBYBYBYRYRYRYRYRYRYRYRYRYRYRYRYRYRYRYRYRYRYRYRYRYRYRYRYRYRYRYRYRYRYRYRYRYRYRYRYRYRYRYRYRYRYRYRYRYRYRYRYRYRYRYRYRYRYRYRYRYRYRYRYRYRYRYRYRYRYRYRYRYRYRYRYRYRYRYRYRYRYRYRYRYRYRYRYRYRYRYRYRYRYRYRYRYRYRYRYRYRYRYRYRYRYR
Case #63: RYBRYBRYRBRBRBRBRBRBRB
Case #64: BRYBRYBRYBRYBRYBRYBRYBRYBRYBRYBYBYBYBYBYBYBYBYBYBYBYBYBYBYBYBYBYBRBRBRBRBRBRBRBRBRBRBRBRBRBRBRBRBRBRBRBRBRBRBRBRBRBRBR
Case #65: YRBYRBYRBYRBYRBYRBYBYBYBYBYBYBYBYBYBYRYRYRYRYRYRYRYRYRYRYRYRYRYRYRYRYRYRYRYRYRYRYRYRYRYRYRYRYRYRYRYRYRYRYRYR
Case #66: RYBRYBRYBRYBRYBRYBRYBRYBRYBRYBRYBRYBRYBRYBRYBRYBRYBRYBRYBRYBRYBRYBRYBRYBRYBRYBRYBRYBRYBRYBRYBRYBRYBRYBRYBRYBRYBRYBRYBRYBRYBRYBRYBRYBRYBRYBRYBRYBRYBRYBRYBRYBRYBRYBRYBRYBRYBRYBRYBRYBRYBRYBRYBRYBRYBRYBRYBRYBRYBRYBRYBRYBRYBRYBRYBRYBRYBRYBRYBRYBRYBRYBRYRYRYRYRYRYRYRYRYRYRYRYRYRYRYRYRYRYRYRYRYRYRYRYRYRYRYRYRYRYRYRYRYRYRYRYRYRYRYRYRYRYRYRYRYRYRYRYRYRYRYRYRYRYRYRYRYRYRYRYRYRYRYRYRYRYRYRYRYRYRYRBRBRBRBRBRBRBRBRBRBRBRBRBRBRBRBRBRBRBRBRBRBRBRBRBRBRBRBRBRBRBRBRBRBRBRBRBRBRBRBRBRBRBRBRBRBRBRBRBRBRBRBRBRBRBRBRBRBRBRBRBRBRBRBRBRBRBRBRBRBRBRBRBRBRBRBRBRBRBRBRBRBRBRBRBRBRBRBRBRBRBRBRBRBRBRBRBRBRBRBRBRBRBRBRBRBRBRBRBRBRBRBRBRBRBRBRBRBRBRBRBRBRBRBRBRBRBRBRBRBRBRBRBRBRBRBRBRBRBRBRBRBRBRBRBRBRBRBRBRBRBRBRBRBRBRBRBRBRBRBRBRBRBRBRBRBRBRBRBRBRBRBRBRBRBRBRBRBRBRBRBRBRBRBRBRBRBRBRBRBRBRBRBRBRBRBRBRBRBRBRBRBRBRBRBRBRBRBRBRBRBRBRBRBRBRBRBRBRBRBRBRBRBRBRBRBRBRBRBRBRBRBRBRBRBRBRBRBRBRBRBRBRBRBRBRBRBRBRBRBRBRBRBRBRBRBRBRBRBRBRBRBRBRBRBRBRBRBRBRBRBRBRBRBRBRBRBRBRBRBRBRBRBRBRBRBRBRBRBRBRBRBRBRBRBRB
Case #67: IMPOSSIBLE
Case #68: BRYBRYBRYBRYBYBYBYBYBYBYBYBYBYBYBYBYBRBRBRBRBRBRBRBRBRBRBRBRBRBRBRBRBRBRBRBRBR
Case #69: YRBYRBYRBYRBYRBYRBYRBYRBYRBYRBYRBYRBYRBYRBYRBYRBYRBYRBYRBYRBYRBYRBYRBYRBYRBYRBYRBYRBYRBYRBYRBYRBYRBYRBYRBYRBYRBYRBYRBYRBYRBYRBYRBYRBYRBYRBYRBYRBYRBYRBYRBYBYBYBYBYBYBYBYBYBYBYBYBYBYBYBYBYBYBYBYBYBYBYBYBYBYBYBYBYBYBYBYBYBYBYBYBYBYBYBYBYBYBYBYBYBYBYBYBYBYBYBYBYBYBYBYBYBYBYBYBYBYBYBYBYBYBYBYBYBYBYBYBYBYBYBYBYBYBYBYBYBYBYBYBYBYBYBYBYBYBYBYBYBYBYBYBYBYBYBYBYBYBYBYBYBYBYBYBYBYBYBYBYBYBYBYBYBYBYBYBYBYBYBYBYBYBYBYBYBYBYBYBYBYBYBYBYBYBYBYBYBYBYBYBYBYBYBYBYBYBYBYBYBYBYBYBYBYBYBYBYBYBYBYBYBYBYBYBYBYBYBYBYBYBYBYBYBYBYBYBYBYBYBYBYBYBYBYBYBYRYRYRYRYRYRYRYRYRYRYRYRYRYRYRYRYRYRYRYRYRYRYRYRYRYRYRYRYRYRYRYRYRYRYRYRYRYRYRYRYRYRYRYRYRYRYRYRYRYRYRYRYRYRYRYRYRYRYRYRYRYRYRYRYRYRYRYRYRYRYRYRYRYRYRYRYRYRYRYRYRYRYRYRYRYRYRYRYRYRYRYRYRYRYRYRYRYRYRYRYRYRYRYRYRYRYRYRYR
Case #70: IMPOSSIBLE
Case #71: IMPOSSIBLE
Case #72: BRYBRYBRYBRYBRYBRYBRYBRYBRYBYBYBYBYBYBYBYBYBYBYBYBYBYBYBYBYBYBYBYBYBYBYBYBYBYBYBYBYBYBYBYBYBYBYBYBYBYBYBYBYBYBRBRBRBRBRBRBRBRBRBRBRBRBR
Case #73: IMPOSSIBLE
Case #74: RYBRYBRYBRYBRYBRYBRYBRYBRYBRYBRYBRYBRYBRYBRYBRYBRYBRYBRYBRYBRYBRYBRYBRYBRYBRYBRYBRYBRYBRYBRYBRYBRYBRYBRYBRYBRYBRYBRYBRYBRYBRYBRYBRYBRYBRYBRYBRYBRYBRYBRYBRYBRYBRYBRYBRYBRYBRYBRYBRYRYRYRYRYRYRYRYRYRYRYRYRYRYRYRYRYRYRYRYRYRYRYRYRYRYRYRYRYRYRYRYRYRYRYRYRYRYRYRYRYRYRYRYRYRYRYRYRYRYRYRYRYRYRYRYRYRYRYRYRYRYRYRYRYRYRYRYRYRYRYRYRYRYRYRYRYRYRYRYRYRYRYRYRYRBRBRBRBRBRBRBRBRBRBRBRBRBRBRBRBRBRBRBRBRBRBRBRBRBRBRBRBRBRBRBRBRBRBRBRBRBRBRBRBRBRBRB
Case #75: RYBRYBRYBRYBRYBRYBRYBRYBRYBRYBRYBRYBRYBRYBRYBRYBRYBRYBRYBRYRYRYRYRYRYRYRYRYRYRYRYRYRYRYRYRYRYRYRYRYRYRYRYRYRYRYRYRYRYRYRYRYRYRYRYRYRYRYRYRYRYRYRYRYRYRYRYRYRYRYRYRYRYRYRBRBRBRBRBRBRBRBRBRBRBRBRBRBRBRBRBRBRBRBRBRBRBRBRBRB
Case #76: YRBYRBYRBYRBYRBYRBYRBYRBYRBYRBYRBYRBYRBYRBYRBYRBYRBYRBYRBYRBYRBYRBYRBYRBYRBYRBYRBYRBYRBYRBYRBYRBYRBYRBYRBYRBYRBYRBYRBYRBYRBYRBYRBYRBYRBYRBYRBYRBYRBYRBYRBYRBYRBYRBYRBYRBYRBYRBYRBYRBYRBYRBYRBYRBYRBYRBYRBYRBYRBYRBYRBYRBYRBYRBYRBYRBYRBYRBYRBYRBYRBYRBYRBYRBYRBYRBYRBYRBYRBYRBYRBYRBYRBYRBYRBYRBYRBYRBYRBYRBYRBYRBYRBYRBYRBYBYBYBYBYBYBYBYBYBYBYBYBYBYBYBYBYBYBYBYBYBYBYBYBYBYBYBYBYBYBYBYBYBYBYBYBYBYBYBYBYBYBYBYBYBYBYBYBYBYBYBYBYRYRYRYRYRYRYRYRYRYRYRYRYRYRYRYRYRYRYRYRYRYRYRYRYRYRYRYRYRYRYRYRYRYRYRYRYRYRYRYRYRYRYRYRYRYRYRYRYRYRYRYRYRYRYRYRYRYRYRYRYRYRYRYRYRYRYRYRYRYRYRYRYRYRYRYRYRYRYRYRYRYRYRYRYRYRYRYRYRYRYRYRYRYRYRYRYRYRYRYRYRYRYRYRYRYRYRYRYRYRYRYRYRYRYRYRYRYRYRYRYRYRYRYRYRYRYRYRYRYRYRYRYRYRYRYRYRYRYRYRYRYRYRYRYRYRYRYRYRYRYRYRYRYRYRYRYRYRYRYRYRYRYRYRYRYRYRYRYRYRYRYRYRYRYRYRYRYRYRYRYRYRYRYRYRYRYRYRYRYRYRYRYRYRYRYRYRYRYRYRYRYRYRYRYRYRYRYRYRYRYRYRYRYRYRYRYRYRYRYRYRYRYRYRYRYRYRYRYRYRYRYRYRYR
Case #77: BYBYBYBYBYBYBYBYBYBYBYBYBYBYBYBYBYBYBYBYBYBYBYBYBYBYBYBYBYBYBYBYBYBYBYBYBYBYBYBYBYBYBYBYBYBYBYBYBYBYBYBYBYBYBYBYBYBYBYBYBYBYBYBYBYBYBYBYBYBYBYBYBYBYBYBYBYBYBYBYBYBYBYBYBYBRBRBRBRBRBRBRBRBRBRBRBRBRBRBRBRBRBRBRBRBRBRBRBRBRBRBRBRBRBRBRBRBRBRBRBRBRBRBRBRBRBRBRBRBRBRBRBRBRBRBRBRBRBRBRBRBRBRBRBRBRBRBRBRBRBRBRBRBRBRBRBRBRBRBRBRBRBRBRBRBRBRBRBRBRBRBRBRBRBRBRBRBRBRBRBRBRBRBRBRBRBRBRBRBRBRBRBRBRBRBRBRBRBRBRBRBRBRBRBRBRBRBRBRBRBRBRBRBRBRBRBRBRBRBRBRBRBRBRBRBRBRBRBRBRBRBRBRBRBRBRBRBRBRBRBRBRBRBRBRBRBRBRBRBRBRBRBRBRBRBRBRBRBRBRBRBRBRBRBRBRBRBRBRBRBRBRBRBRBRBRBRBRBRBRBRBRBRBRBRBRBRBRBRBRBRBRBRBRBRBRBRBRBRBRBRBRBRBRBRBR
Case #78: IMPOSSIBLE
Case #79: BRYBRYBRYBRYBRYBRYBRYBRYBYBYBYBYBYBYBYBYBYBYBYBYBYBYBYBYBYBYBYBYBYBYBYBYBYBYBYBYBYBYBRBRBRBRBRBRBRBRBRBRBRBRBRBRBRBRBRBRBRBRBRBRBRBRBRBRBRBRBRBRBRBRBRBRBRBRBRBRBRBRBRBRBRBRBRBRBRBRBRBRBR
Case #80: RYBRYBRYBRYBRYBRYBRYBRYBRYBRYBRYBRYBRYBRYBRYBRYBRYBRYBRYBRYBRYBRYBRYBRYBRYBRYBRYRYRYRYRYRYRYRYRYRYRYRYRYRYRYRBRBRBRBRBRBRBRBRBRBRBRBRBRBRBRBRBRBRBRBRBRBRBRBRBRBRBRBRBRBRBRBRBRBRBRBRBRBRBRBRBRBRBRBRBRBRBRBRBRBRBRBRBRBRBRBRBRBRBRBRBRBRBRBRBRBRBRBRBRBRBRBRBRBRBRBRBRBRBRBRBRBRBRBRBRBRBRBRBRBRBRBRBRBRBRBRBRBRBRBRBRBRBRBRBRBRBRBRBRBRBRBRBRBRBRBRBRBRBRBRBRBRBRBRBRBRBRBRBRBRBRBRBRBRBRBRBRBRBRBRBRBRBRBRBRBRBRBRBRBRBRBRBRBRBRBRBRBRBRBRBRBRBRBRBRBRBRBRBRBRBRBRBRBRBRBRBRBRBRBRBRBRBRBRBRBRBRBRBRBRBRBRBRBRBRBRBRBRBRBRBRBRBRBRBRBRBRBRBRBRBRBRBRBRBRBRBRBRBRBRBRBRBRBRBRBRBRBRBRBRBRBRBRBRBRBRBRBRBRBRBRBRBRBRBRBRBRBRBRBRBRBRBRBRBRBRBRBRBRBRBRBRBRBRBRBRBRBRBRBRBRBRBRBRBRBRBRBRBRBRBRBRBRBRBRBRBRBRBRBRBRBRBRBRBRBRBRBRBRBRBRBRBRBRBRBRBRBRBRBRBRBRBRBRBRBRBRBRBRBRBRBRBRBRBRBRBRBRBRBRBRBRBRBRBRBRBRBRBRBRBRBRBRBRBRB
Case #81: BRYBRYBRYBRYBRYBRYBRYBRYBRYBRYBRYBRYBRYBRYBRYBRYBRYBRYBRYBRYBRYBRYBRYBRYBRYBRYBRYBRYBRYBRYBRYBRYBRYBRYBRYBRYBRYBRYBRYBRYBRYBYBYBYBYBYBYBYBYBYBYBYBYBYBYBYBYBYBYBYBYBYBYBYBYBYBYBYBYBYBYBYBYBYBYBYBYBYBYBRBRBRBRBRBRBRBRBRBRBRBRBRBRBRBRBRBRBRBRBRBRBRBRBRBRBRBRBRBRBRBRBRBRBRBRBRBRBRBRBRBRBRBRBRBRBRBRBRBRBRBRBRBRBRBRBRBRBRBRBRBRBRBRBRBRBRBRBRBRBRBRBRBRBRBRBRBRBRBRBRBRBRBRBRBRBRBRBRBRBRBRBRBRBRBRBRBRBRBRBRBRBRBRBRBRBRBRBRBRBRBRBRBRBRBRBRBRBRBRBRBRBRBRBRBRBRBRBRBRBRBRBRBRBRBRBRBRBRBRBRBRBRBRBRBRBRBRBRBRBRBRBRBRBRBRBRBRBRBRBRBRBRBRBRBRBRBRBRBRBRBRBRBRBRBRBRBRBRBRBRBRBRBRBRBRBRBRBRBRBRBRBRBRBRBRBRBRBRBRBRBRBRBRBRBRBRBRBR
Case #82: YRBYRBYRBYRBYRBYRBYRBYRBYRBYRBYRBYRBYRBYRBYRBYRBYRBYRBYRBYRBYRBYRBYRBYRBYRBYRBYRBYRBYRBYRBYRBYRBYRBYRBYRBYRBYRBYRBYRBYRBYRBYRBYRBYRBYRBYRBYRBYRBYRBYRBYRBYRBYRBYRBYRBYRBYRBYRBYRBYRBYRBYRBYRBYRBYRBYRBYRBYRBYRBYRBYRBYRBYRBYBYBYBYBYBYBYBYBYBYBYBYBYBYBYBYBYBYBYBYBYBYBYBYBYBYBYBYBYBYBYBYBYBYBYBYBYBYBYBYBYBYBYBYBYBYBYBYBYBYBYBYBYBYBYBYBYBYBYBYBYBYBYBYBYBYBYBYBYBYBYBYBYBYBYBYBYBYBYBYBYBYBYBYBYBYBYBYBYBYBYBYBYBYBYBYBYBYBYBYBYBYBYBYBYBYBYBYBYBYBYBYBYBYBYBYBYRYRYRYRYRYRYRYRYRYRYRYRYRYRYRYRYRYRYRYRYRYRYRYRYRYRYRYRYRYRYRYRYRYRYRYRYRYRYRYRYRYRYRYRYRYRYRYRYRYRYRYRYRYRYRYRYRYRYRYRYRYRYRYRYRYRYRYRYRYRYRYRYRYRYRYRYRYRYRYRYRYRYRYRYRYRYRYRYRYRYRYRYRYRYRYRYRYRYRYRYRYRYRYRYRYRYRYRYRYRYRYRYRYRYRYRYRYRYRYRYRYRYRYRYRYRYRYRYRYRYRYR
Case #83: BRYBRYBRYBRYBRYBRYBRYBRYBYBYBYBYBYBYBYBYBYBYBYBYBYBYBYBYBYBYBYBYBYBYBYBYBYBYBYBYBYBYBYBYBYBYBYBYBYBYBYBYBYBYBYBYBYBYBYBYBYBYBYBRBRBRBRBRBRBRBRBR
Case #84: YRBYRBYRBYRBYRBYRBYRBYRBYRBYRBYRBYRBYRBYRBYRBYRBYRBYRBYRBYRBYRBYRBYRBYRBYRBYRBYRBYRBYRBYRBYRBYRBYBYBYBYBYBYBYBYBYBYBYBYBYBYBYBYBYBYBYBYBYBYBYBYBYBYBYBYBYBYBYBYBYBYBYBYBYBYBYBYBYBYBYBYBYBYBYBYBYBYBYBYBYBYBYBYBYBYBYBYBYBYBYBYBYBYBYBYBYBYBYBYBYBYBYBYBYBYBYBYBYBYBYBYBYBYBYBYBYBYBYBYBYBYBYBYBYBYBYBYBYBYBYBYBYBYBYBYBYBYBYBYBYBYBYBYBYBYBYBYBYBYBYBYBYBYBYBYBYBYBYBYBYBYBYBYBYBYBYBYBYBYBYBYBYBYBYBYBYBYBYBYBYBYBYBYBYBYBYBYBYBYBYBYBYBYBYBYBYBYBYBYBYBYBYRYRYRYRYRYRYRYRYRYRYRYRYRYRYRYR
Case #85: RYBRYBRYBRYBRYBRYBRYBRYBRYBRYBRYBRYBRYBRYRBRBRBRBRBRBRBRBRBRBRBRBRBRBRBRBRBRB
Case #86: BRYBRYBRYBRYBRYBRYBRYBRYBRYBRYBRYBRYBRYBRYBRYBRYBRYBRYBRYBRYBRYBRYBRYBRYBRYBRYBRYBRYBRYBRYBRYBRYBRYBRYBRYBRYBRYBRYBRYBRYBRYBRYBRYBRYBRYBRYBYBYBYBYBYBYBYBYBYBYBYBYBYBYBYBYBYBYBYBYBYBYBYBYBYBYBYBYBYBYBYBYBYBYBYBYBYBYBYBYBYBYBYBYBYBYBYBYBYBYBYBYBYBYBYBYBYBYBYBYBYBYBYBYBYBYBYBYBYBYBYBYBYBYBYBYBYBYBYBYBYBYBYBYBYBYBYBYBYBYBYBYBYBYBYBYBYBYBYBYBYBYBYBYBYBYBYBYBYBYBYBYBYBYBYBYBYBYBYBYBYBYBYBYBYBYBYBYBYBYBYBYBYBYBYBYBYBYBYBYBYBYBYBYBYBYBYBYBYBYBYBYBYBYBYBYBYBYBYBYBYBYBYBYBYBYBYBYBYBYBYBYBYBYBYBYBYBRBRBRBRBRBRBRBRBRBRBRBRBRBRBRBRBRBRBRBRBRBRBRBRBR
Case #87: BRYBRYBRYBRYBRYBRYBRYBRYBRYBRYBRYBRYBRYBRYBRYBRYBRYBRYBRYBRYBRYBRYBRYBRYBRYBRYBRYBRYBRYBRYBRYBRYBRYBRYBRYBRYBRYBRYBRYBRYBRYBRYBRYBRYBRYBRYBRYBRYBRYBRYBRYBRYBRYBRYBRYBRYBRYBRYBRYBRYBRYBRYBRYBRYBRYBRYBRYBRYBRYBRYBRYBRYBRYBRYBRYBRYBRYBRYBRYBRYBRYBYBYBYBYBYBYBYBYBYBYBYBYBYBYBYBYBYBYBYBYBYBYBYBYBYBYBYBYBYBYBYBYBYBYBYBYBYBYBYBYBYBYBYBYBYBYBYBYBYBYBYBYBYBYBYBYBYBYBYBYBYBYBYBYBYBYBYBYBYBYBYBYBYBYBYBYBYBYBYBYBYBYBYBYBYBYBYBYBYBYBYBYBYBYBYBYBYBYBYBYBYBYBYBYBYBYBYBYBRBRBRBRBRBRBRBRBRBRBRBRBRBRBRBRBRBRBRBRBRBRBRBRBRBRBRBRBRBRBRBRBRBRBRBRBRBRBRBRBRBRBRBRBRBRBRBRBRBRBRBRBRBRBRBRBRBRBRBRBRBRBRBRBRBRBRBRBRBRBRBRBRBR
Case #88: YBYRYRYRYRYRYRYRYRYRYRYRYR
Case #89: RYBRYBRYBRYBRYBRYBRYBRYBRYBRYBRYBRYBRYBRYBRYBRYBRYBRYBRYBRYBRYBRYBRYBRYBRYBRYBRYBRYBRYBRYBRYBRYBRYBRYBRYBRYBRYBRYBRYBRYBRYBRYBRYBRYBRYRYRYRYRYRYRYRYRYRYRYRYRYRYRYRYRYRYRYRYRYRYRYRYRYRYRYRYRYRYRYRYRYRYRYRYRYRYRYRYRYRYRYRYRYRYRYRYRYRYRYRYRYRYRYRYRYRYRYRYRYRYRYRYRYRYRYRYRYRYRYRYRYRYRYRYRYRYRYRYRYRYRYRYRYRYRYRYRYRYRYRYRYRYRYRYRYRYRYRYRYRYRYRYRYRYRYRYRYRYRYRYRYRYRYRYRYRYRYRYRYRYRYRYRYRYRYRYRYRYRYRYRYRYRYRYRYRYRYRYRYRYRYRYRYRYRYRYRYRYRYRYRYRYRYRYRYRYRYRYRYRYRYRYRYRYRYRYRYRYRYRYRYRYRYRYRYRYRYRYRYRYRYRYRYRYRYRYRYRYRYRYRYRYRYRYRYRYRYRYRYRBRBRBRBRBRBRBRBRBRBRBRBRBRBRBRBRBRBRBRBRBRBRBRBRBRBRBRBRBRBRBRBRBRBRBRBRBRBRBRBRBRBRBRBRBRBRBRBRBRBRBRBRBRBRBRBRBRBRBRBRBRBRBRBRBRBRBRBRBRBRBRBRBRBRBRBRBRBRBRBRBRBRBRBRBRBRBRBRBRBRBRBRBRBRBRBRBRBRBRBRBRBRBRBRBRBRBRBRBRBRBRBRBRBRBRBRBRBRB
Case #90: YRBYBYBYBYBYBYBYBYBYBYBYBYBYBYBYBYBYBYBYBYBYBYBYBYBYBYBYBYBYBYBYBYBYBYBYBYBYBYBYBYBYBYBYBYBYBYBYBYBYBYBYBYBYBYBYBYBYBYBYBYBYBYBYBYBYBYBYBYBYBYBYBYBYBYBYBYBYBYBYBYBYBYBYBYBYBYBYBYBYBYBYBYBYBYBYBYBYBYBYBYBYBYBYBYBYBYBYBYBYBYBYBYBYBYBYBYBYBYBYBYBYBYBYBYBYBYBYBYBYBYBYBYBYBYBYBYBYBYRYRYRYRYRYRYRYRYRYRYRYRYRYRYRYRYRYRYRYRYRYRYRYRYRYRYRYRYRYRYRYRYRYRYRYRYRYRYRYRYRYRYRYRYRYRYRYRYRYRYRYRYRYRYRYRYRYRYRYRYRYRYRYRYRYRYRYRYRYRYRYRYRYRYRYRYRYRYRYRYRYRYRYRYRYRYRYRYRYRYRYRYRYRYRYRYRYRYRYRYRYRYRYRYRYRYRYRYRYRYRYRYRYRYRYRYRYRYRYR
Case #91: RYBRYBRYBRYBRYBRYBRYBRYBRYBRYBRYRYRYRYRYRYRYRYRYRYRYRYRYRYRYRYRYRYRYRYRYRYRYRYRYRBRBRBRBRBRBRBRBRBRBRBRBRBRBRBRBRBRBRBRBRBRBRBRBRBRBRBRBRBRBRBRBRBRBRBRBRBRBRBRBRBRBRBRBRBRBRBRBRBRBRBRBRBRBRBRBRBRBRBRBRBRBRBRBRBRBRBRBRBRBRBRBRB
Case #92: YRBYRBYRBYRBYRBYRBYRBYRBYRBYRBYRBYRBYRBYRBYRBYRBYRBYRBYRBYRBYRBYRBYRBYRBYRBYRBYRBYRBYRBYRBYRBYRBYRBYRBYBYBYBYBYBYBYBYBYBYBYBYBYBYBYBYBYBYBYBYBYBYBYBYBYBYBYBYBYBYBYBYBYBYBYBYBYBYBYBYBYBYBYBYBYBYBYBYBYBYBYBYBYBYBYBYBYBYBYBYBYBYBYBYBYBYBYBYBYBYBYBYBYBYBYBYBYBYBYBYBYBYBYBYBYBYBYBYBYBYBYBYBYBYBYBYBYBYBYBYBYBYBYBYBYBYBYBYBYBYBYBYBYBYBYBYBYBYBYBYBYBYBYBYBYBYBYBYBYBYBYBYBYBYBYBYBYBYBYBYBYBYBYBYBYBYBYBYBYBYBYBYBYBYBYBYBYBYBYBYBYBYBYBYBYBYBYBYBYBYBYBYBYBYBYBYBYBYBYBYBYBYBYBYBYBYBYBYBYBYBYBYBYBYBYBYBYBYBYBYBYBYBYBYBYBYBYBYRYR
Case #93: IMPOSSIBLE
Case #94: RYBRYBRYBRYBRYBRYBRYBRYBRYBRYBRYBRYBRYBRYRYRYRYRYRYRYRYRYRYRYRYRYRYRYRYRYRYRYRYRYRYRYRYRYRYRYRYRYRYRYRYRYRYRYRYRYRYRYRYRYRYRYRYRYRYRYRYRYRBRBRBRBRBRBRBRBRBRBRBRBRBRBRBRBRBRBRBRBRBRBRB
Case #95: RYBRYBRYBRYBRYBRYBRYBRYBRYBRYBRYBRYBRYBRYBRYBRYBRYBRYBRYBRYBRYBRYRYRYRYRYRYRYRYRYRYRYRYRYRYRYRYRYRYRYRYRYRYRYRYRYRYRYRYRYRYRYRYRYRYRYRYRYRYRYRYRYRYRYRYRYRYRYRYRYRYRYRYRYRYRYRYRYRYRYRYRYRYRYRYRYRYRYRYRYRYRYRYRYRYRYRYRYRYRYRYRYRYRYRYRYRYRYRYRYRYRYRYRYRYRYRYRYRYRYRYRYRYRYRYRYRYRYRYRYRYRYRYRYRYRYRYRYRYRYRYRYRYRYRYRYRYRYRYRYRYRYRYRYRYRYRYRYRYRYRYRYRYRYRYRYRYRYRYRYRBRBRBRBRBRBRBRBRBRBRBRBRBRBRBRBRBRBRBRBRBRBRBRBRBRBRBRBRBRBRBRBRBRBRBRBRBRBRBRBRBRBRBRBRBRBRBRBRBRBRBRBRBRBRBRBRBRBRBRBRBRBRBRBRBRBRBRBRBRBRBRBRBRBRBRBRBRBRBRBRBRBRBRBRBRBRBRBRBRBRBRBRBRBRBRBRBRBRBRBRBRBRBRBRBRBRBRBRBRBRBRBRBRBRBRBRBRBRBRBRBRBRBRBRBRBRBRBRBRBRBRBRBRBRBRBRBRBRBRBRBRBRBRBRBRBRBRBRBRBRBRBRBRBRBRBRBRBRBRBRBRBRBRBRBRBRBRBRBRBRBRBRBRBRBRBRBRBRBRBRBRBRBRBRBRBRBRBRBRBRBRBRBRBRBRBRBRBRBRBRBRBRBRBRBRBRBRBRBRBRBRBRBRBRBRBRBRBRBRBRBRBRBRBRBRBRBRBRBRBRBRBRBRBRBRBRBRBRBRBRBRBRBRBRBRBRBRBRBRBRBRBRBRBRBRBRBRBRBRBRBRBRBRBRBRBRBRBRBRBRBRBRBRBRBRBRBRBRBRBRBRBRBRBRBRBRBRBRBRBRBRBRBRBRBRBRBRBRBRBRB
Case #96: RYBRYBRYBRYBRYBRYBRYBRYBRYBRYBRYBRYBRYBRYBRYBRYBRYBRYBRYBRYBRYBRYBRYBRYBRYRYRYRYRYRYRYRYRYRYRYRYRYRYRYRYRYRYRYRYRYRYRYRYRYRYRYRYRYRYRYRYRYRYRYRYRYRYRYRYRYRYRYRYRYRYRYRYRYRYRYRYRYRYRYRYRYRYRBRBRBRBRBRBRBRBRBRBRBRBRBRBRBRBRBRBRBRBRBRBRBRBRBRBRBRBRBRBRBRBRBRB
Case #97: RYBRYBRYBRYBRYBRYBRYBRYBRYBRYBRYBRYBRYBRYBRYBRYBRYBRYBRYBRYBRYBRYBRYBRYBRYBRYBRYBRYBRYBRYBRYBRYBRYBRYBRYBRYBRYBRYBRYBRYBRYRYRYRYRYRYRYRYRYRYRYRYRYRYRYRYRYRYRYRYRYRYRYRYRYRYRYRYRYRYRYRYRYRYRYRYRYRYRYRYRYRYRYRYRYRYRYRYRYRYRYRYRYRYRYRYRYRYRYRYRYRYRYRYRYRBRBRBRBRBRBRBRBRBRBRBRBRBRBRBRBRBRBRBRBRBRBRBRBRBRBRBRBRBRBRBRBRBRBRBRBRBRBRBRBRBRBRBRBRBRBRBRBRBRBRBRBRBRBRBRBRBRBRBRBRBRBRBRBRBRBRBRBRBRBRBRBRBRBRBRBRBRBRBRBRBRBRBRBRBRBRBRBRBRBRBRBRBRBRBRBRBRBRBRBRBRBRBRBRBRBRBRBRBRBRBRBRBRBRBRBRBRBRBRBRBRBRBRBRBRBRBRBRBRBRBRBRBRBRBRBRBRBRBRBRBRBRBRBRBRBRBRBRBRBRBRBRBRBRBRBRBRBRBRBRBRBRBRBRBRBRBRBRBRBRBRBRBRBRBRBRBRBRBRBRBRBRBRBRBRBRBRBRBRBRBRBRBRBRBRBRBRBRBRBRBRBRBRBRBRBRBRBRBRBRBRBRBRBRBRBRBRBRBRBRBRBRBRBRBRBRBRBRBRBRBRBRBRBRBRBRBRBRBRBRBRBRBRBRBRBRBRBRBRBRBRBRBRBRBRBRBRBRBRBRBRBRBRBRBRBRBRBRBRBRBRBRBRBRBRBRBRBRBRBRBRBRBRBRBRBRBRBRBRBRBRBRBRBRBRBRBRBRBRBRBRBRBRBRBRBRBRBRBRBRBRBRBRBRBRBRBRBRBRBRBRBRBRBRBRBRBRBRBRBRBRBRBRBRBRBRBRBRBRBRBRBRBRBRBRBRBRBRBRBRBRBRBRBRBRBRB
Case #98: IMPOSSIBLE
Case #99: YRBYRBYRBYBYBYBYBYBYBYBYBYBYBYBYBYBYBYRYRYRYR
