Case #1: 5
Case #2: 2
Case #3: IMPOSSIBLE
Case #4: 5
Case #5: 161
Case #6: 11
Case #7: 164
Case #8: 164
Case #9: IMPOSSIBLE
Case #10: 158
Case #11: 11
Case #12: 17
Case #13: 44
Case #14: 169
Case #15: 163
Case #16: 169
Case #17: 170
Case #18: 38
Case #19: 170
Case #20: 11
Case #21: 171
Case #22: 5
Case #23: IMPOSSIBLE
Case #24: 161
Case #25: 83
Case #26: 50
Case #27: 9
Case #28: 171
Case #29: 15
Case #30: 55
Case #31: 155
Case #32: 167
Case #33: 16
Case #34: 39
Case #35: IMPOSSIBLE
Case #36: 165
Case #37: 12
Case #38: 15
Case #39: 162
Case #40: 55
Case #41: 12
Case #42: 55
Case #43: 13
Case #44: 159
Case #45: 12
Case #46: 172
Case #47: 25
Case #48: 27
Case #49: 85
Case #50: 160
Case #51: 11
Case #52: IMPOSSIBLE
Case #53: 164
Case #54: 13
Case #55: 13
Case #56: 9
Case #57: 161
Case #58: 13
Case #59: 40
Case #60: 159
Case #61: 40
Case #62: 161
Case #63: 83
Case #64: 159
Case #65: 16
Case #66: 161
Case #67: IMPOSSIBLE
Case #68: 37
Case #69: 53
Case #70: 166
Case #71: 160
Case #72: 163
Case #73: 43
Case #74: 159
Case #75: 11
Case #76: 13
Case #77: IMPOSSIBLE
Case #78: 165
Case #79: 1
Case #80: 162
Case #81: 54
Case #82: 166
Case #83: 11
Case #84: 4
Case #85: 83
Case #86: 53
Case #87: 14
Case #88: 81
Case #89: 5
Case #90: 167
Case #91: 162
Case #92: 163
Case #93: 79
Case #94: 162
Case #95: 169
Case #96: 168
Case #97: 15
Case #98: 83
Case #99: 158
Case #100: 19
