Case #1: 5
Case #2: 2
Case #3: IMPOSSIBLE
Case #4: 5
Case #5: 1
Case #6: 168
Case #7: 162
Case #8: 15
Case #9: 11
Case #10: 15
Case #11: 21
Case #12: 11
Case #13: 162
Case #14: 27
Case #15: 80
Case #16: 159
Case #17: 163
Case #18: 165
Case #19: 80
Case #20: 158
Case #21: 162
Case #22: 162
Case #23: 166
Case #24: 168
Case #25: IMPOSSIBLE
Case #26: 163
Case #27: 11
Case #28: 166
Case #29: 13
Case #30: 7
Case #31: 162
Case #32: 81
Case #33: 53
Case #34: 161
Case #35: 174
Case #36: 16
Case #37: 13
Case #38: 21
Case #39: 53
Case #40: 13
Case #41: 5
Case #42: 154
Case #43: 156
Case #44: 53
Case #45: 42
Case #46: IMPOSSIBLE
Case #47: 17
Case #48: 166
Case #49: IMPOSSIBLE
Case #50: 155
Case #51: 166
Case #52: 82
Case #53: 38
Case #54: 160
Case #55: 165
Case #56: 159
Case #57: IMPOSSIBLE
Case #58: 42
Case #59: 16
Case #60: 170
Case #61: 2
Case #62: 161
Case #63: 158
Case #64: IMPOSSIBLE
Case #65: 13
Case #66: 171
Case #67: 5
Case #68: 54
Case #69: 169
Case #70: 19
Case #71: 161
Case #72: 53
Case #73: 17
Case #74: 175
Case #75: 55
Case #76: 165
Case #77: 165
Case #78: 9
Case #79: 6
Case #80: 40
Case #81: 169
Case #82: 41
Case #83: 157
Case #84: 158
Case #85: 13
Case #86: 25
Case #87: 54
Case #88: 40
Case #89: 163
Case #90: 15
Case #91: 15
Case #92: 78
Case #93: 167
Case #94: 41
Case #95: 4
Case #96: 82
Case #97: 172
Case #98: 84
Case #99: IMPOSSIBLE
Case #100: 13
