Case #1:
1 1
Case #2:
1 1
2 1
3 2
Case #3:
1 1
2 1
3 2
4 2
5 3
5 2
5 1
4 1
Case #4:
1 1
2 1
3 2
4 2
5 3
6 3
6 2
6 1
5 1
Case #5:
1 1
2 1
3 2
4 2
5 3
6 3
7 3
7 2
8 2
8 1
Case #6:
1 1
2 1
3 2
4 2
5 3
6 3
7 4
6 4
6 5
6 6
5 5
