Case #1: 138230.076758
Case #2: 150796.447372
Case #3: 43982.297150
Case #4: 625.176938
Case #5: 40115197965108.760000
Case #6: 1683128839032.214600
Case #7: 157781570591.876680
Case #8: 6001732092524.257000
Case #9: 265435600888.674300
Case #10: 43986142901919.664000
Case #11: 58815384573808.940000
Case #12: 7582264764615.104000
Case #13: 286109483452.913400
Case #14: 253568243407.923920
Case #15: 120147305503.160030
Case #16: 7226023967263.537000
Case #17: 52470010054665.730000
Case #18: 10417488986419.236000
Case #19: 286225327420.067800
Case #20: 10107508982474.186000
Case #21: 112512151122.197050
Case #22: 28478939153152.273000
Case #23: 286249747415.604800
Case #24: 3872247773851.161000
Case #25: 315366328829.757450
Case #26: 10356909544975.604000
Case #27: 426429949268.450130
Case #28: 250061464371.361150
Case #29: 98131301385.230560
Case #30: 61099230262975.660000
Case #31: 3261898525408.957500
Case #32: 252394931725.784240
Case #33: 4992786967635.596000
Case #34: 15317541170533.355000
Case #35: 160178986563.303250
Case #36: 40658468072186.586000
Case #37: 288070056036.699400
Case #38: 9.424778
Case #39: 118993523176371.280000
Case #40: 530115847383.922100
Case #41: 15673461259630.383000
Case #42: 2668101602265.748500
Case #43: 3190021039678.622600
Case #44: 5487166618376.754000
Case #45: 8644632954074.185000
Case #46: 53089690819039.190000
Case #47: 60972163311.301880
Case #48: 6180826119852.344000
Case #49: 4820388595027.983000
Case #50: 180536677446.515260
Case #51: 2388533373201.641000
Case #52: 72741438494812.580000
Case #53: 159875752236.662630
Case #54: 14521873446871.250000
Case #55: 249621304536.303130
Case #56: 24837934783778.656000
Case #57: 660447774328.994100
Case #58: 39082482749078.060000
Case #59: 533257603133.294500
Case #60: 285661899525.476870
Case #61: 148030932287.140140
Case #62: 156553538746.286130
Case #63: 4517681239726.536000
Case #64: 267850517145.960000
Case #65: 3472665670326.546000
Case #66: 4351658056188.069000
Case #67: 5429778373889.579000
Case #68: 113773420099580.270000
Case #69: 286074574380.081200
Case #70: 8768178743532.616000
Case #71: 10133565401039.870000
Case #72: 5396435618993.578000
Case #73: 28725844068.570520
Case #74: 6286326899833176.000000
Case #75: 2726459776310.253000
Case #76: 5095039261509.394000
Case #77: 8180486720.718761
Case #78: 42185214653.517710
Case #79: 55746723569736.290000
Case #80: 2792546903588.021000
Case #81: 6833777568.391374
Case #82: 184098392526895.720000
Case #83: 2011035817939.975600
Case #84: 678383577099124.100000
Case #85: 3570451612048.845700
Case #86: 8488006831327.204000
Case #87: 61498964325.905556
Case #88: 1057948973333350.500000
Case #89: 5779910663955.019000
Case #90: 55622593266798.770000
Case #91: 5079773650091.360000
Case #92: 49098699222697.460000
Case #93: 271168878782.991000
Case #94: 285961937693.141100
Case #95: 255178014631.630550
Case #96: 132913408157.771620
Case #97: 15349278103530.047000
Case #98: 5162979745231.954000
Case #99: 1259804414238270.500000
Case #100: 1361708771948030.500000
