Case #1: 138230.076758
Case #2: 150796.447372
Case #3: 43982.297150
Case #4: 625.176938
Case #5: 40591019066915.660000
Case #6: 5499825227206.997000
Case #7: 243316492816084.560000
Case #8: 16833160509611.762000
Case #9: 6286326899833176.000000
Case #10: 6573129540739.178000
Case #11: 3380867259870.867000
Case #12: 5898241774683.549000
Case #13: 18982586641544.580000
Case #14: 3375426255082.219000
Case #15: 157303358394.872800
Case #16: 3007045055211.804000
Case #17: 321614880738.860170
Case #18: 2338332955261.201700
Case #19: 61264347085811.790000
Case #20: 178653331320.552150
Case #21: 5165175024773.466000
Case #22: 3577435059140.767000
Case #23: 9.424778
Case #24: 253695093414.011050
Case #25: 3828725559998.208500
Case #26: 1053384934611464.400000
Case #27: 57246889027410.086000
Case #28: 175005389276.020300
Case #29: 102795977179.003040
Case #30: 5797424060173.511000
Case #31: 17206932300486.346000
Case #32: 157636739026.785460
Case #33: 142589247120818.060000
Case #34: 265624326007.206450
Case #35: 78523662393790.940000
Case #36: 7164598246669.642000
Case #37: 2891664205187.579600
Case #38: 4154890880867.488300
Case #39: 11755462582014.984000
Case #40: 262138427204.932620
Case #41: 40050389519733.960000
Case #42: 282398572845.763800
Case #43: 227539930806494.900000
Case #44: 291309352287.789300
Case #45: 5347766170495.661000
Case #46: 2563138369142.323700
Case #47: 280370149802.606450
Case #48: 112380283455.429810
Case #49: 16308306650876.955000
Case #50: 5321512995851.330000
Case #51: 9475549482196.988000
Case #52: 101605831363.735260
Case #53: 1331334471507.156200
Case #54: 3142664748723.536000
Case #55: 288364497972.272500
Case #56: 42004968225.460260
Case #57: 648787411466161.400000
Case #58: 624461429379.638500
Case #59: 33716402204904.310000
Case #60: 94227078601.265750
Case #61: 6401278167255.869000
Case #62: 46878741260936.280000
Case #63: 288066003071.158600
Case #64: 14819623902464.314000
Case #65: 85556695517340.840000
Case #66: 245158410518.051480
Case #67: 482403011986.058200
Case #68: 414581402092.562740
Case #69: 19212016255960.742000
Case #70: 79846942188.044000
Case #71: 33643693730563.562000
Case #72: 3656070593073.092000
Case #73: 119878087135.400900
Case #74: 1510013598805268.000000
Case #75: 223299197320.436600
Case #76: 2474037121163.415500
Case #77: 16218642081.443756
Case #78: 2251779398664.809000
Case #79: 150366239794.902530
Case #80: 4688846688482.159000
Case #81: 248150189263.654570
Case #82: 298093453520614.800000
Case #83: 192638936893.071400
Case #84: 203401317056.853000
Case #85: 3883924177881.710400
Case #86: 3847650295051.903300
Case #87: 8063652184076.293000
Case #88: 276799323273.694600
Case #89: 3678999335470.951000
Case #90: 8779816972911.584000
Case #91: 27911663017893.500000
Case #92: 7598935083371.512000
Case #93: 42063282618015.080000
Case #94: 22904651310262.285000
Case #95: 164377089886.517120
Case #96: 91545080824.712020
Case #97: 3774501402429.838000
Case #98: 16252764219119.771000
Case #99: 283008961744.862700
Case #100: 3514538229761.612300
