Case #1: 138230.076758
Case #2: 150796.447372
Case #3: 43982.297150
Case #4: 625.176938
Case #5: 5810956948110.623000
Case #6: 4968448284612.327000
Case #7: 1037548933287.947500
Case #8: 57245687661.358955
Case #9: 7109032214.266276
Case #10: 37509660410.314980
Case #11: 281876220320.074460
Case #12: 153015297915.934700
Case #13: 25252263840.648888
Case #14: 2515926634391.733000
Case #15: 7993680150.828982
Case #16: 8255278700689.669000
Case #17: 37681640745.755745
Case #18: 7773645552.344788
Case #19: 1948482079208.457800
Case #20: 19942933221.793415
Case #21: 366333176383.567900
Case #22: 2670567035144.408700
Case #23: 1768000803676.131800
Case #24: 9.424778
Case #25: 7847022337335.732000
Case #26: 2615481306776.940400
Case #27: 1669478919084.421100
Case #28: 1441489653485.244400
Case #29: 248648032720.230400
Case #30: 231073572834.400850
Case #31: 5315622612874.292000
Case #32: 3032439791947.479000
Case #33: 39104339297.250060
Case #34: 827163199800.759900
Case #35: 1132338190523.202100
Case #36: 210112918611.592220
Case #37: 3047007361675.183600
Case #38: 232595095074.273600
Case #39: 6873632554.210680
Case #40: 18127553567859.730000
Case #41: 30834210242.948467
Case #42: 247109476513.662480
Case #43: 429378357623.753660
Case #44: 1430559365225.233600
Case #45: 9079170297.372835
Case #46: 189053893495.012760
Case #47: 35278418482.786790
Case #48: 3308469792518.269500
Case #49: 2238513965628.394000
Case #50: 172598409944.697780
Case #51: 12365328174530.426000
Case #52: 7925670315.320762
Case #53: 270550097175.666780
Case #54: 1400159247038.478000
Case #55: 2685468899289.656000
Case #56: 4760864671871.980000
Case #57: 268147070693.610380
Case #58: 1077344901653.460000
Case #59: 1791694393075.505100
Case #60: 257634691712.494100
Case #61: 1911054589695.546000
Case #62: 713221521042.914000
Case #63: 5616684832869.770500
Case #64: 2648897236327.612300
Case #65: 2719628102107.258300
Case #66: 216068250601.832300
Case #67: 161605874177.273740
Case #68: 3230861411568.593000
Case #69: 260150287682.823640
Case #70: 3072685051485.549000
Case #71: 3992379500972.325700
Case #72: 361765559837.217400
Case #73: 2335146852758.515000
Case #74: 27433465280.302303
Case #75: 12898819819141.016000
Case #76: 16113621095.759705
Case #77: 16542189662867.396000
Case #78: 8039951220127.457000
Case #79: 418416059434.292970
Case #80: 29456241731.638260
Case #81: 2421851465458.054700
Case #82: 273839255616.681980
Case #83: 5212404284801.285000
Case #84: 226716488244.199920
Case #85: 2490986890253.794400
Case #86: 2355101057537.227500
Case #87: 1306508939907.307400
Case #88: 255424831920.097170
Case #89: 1155306440767.175800
Case #90: 127405393474.282710
Case #91: 65973445725385.660000
Case #92: 9214566912.026253
Case #93: 417091825713.331500
Case #94: 7531323967.788462
Case #95: 10806545522324.297000
Case #96: 40937630311.224594
Case #97: 219308232857.377200
Case #98: 424664364530.452100
Case #99: 226650468777.283750
Case #100: 1680076587653.383800
