Case #1: 138230.076758
Case #2: 150796.447372
Case #3: 43982.297150
Case #4: 625.176938
Case #5: 263816483693.858580
Case #6: 36690816308.031880
Case #7: 10929204314814.508000
Case #8: 40613939987.825370
Case #9: 278902697859.469850
Case #10: 7153281064620.448000
Case #11: 1956783783889.016000
Case #12: 24418300371.331050
Case #13: 11391032664434.540000
Case #14: 20929653501761.880000
Case #15: 300621912549.547670
Case #16: 2824133605614.594700
Case #17: 2405128423265.370600
Case #18: 27299832318.065502
Case #19: 4933817603796.353000
Case #20: 2266221547500.066000
Case #21: 162695179480.219300
Case #22: 11502864744165.943000
Case #23: 9317154988.669104
Case #24: 1180113892545.285400
Case #25: 274341144345.038200
Case #26: 7401902731.477210
Case #27: 10435722976891.807000
Case #28: 11330559087142.361000
Case #29: 6833875958382.887000
Case #30: 8256832759.766912
Case #31: 1880396543867.948200
Case #32: 1663317169634.806200
Case #33: 266660693507.302030
Case #34: 182158806734.393770
Case #35: 269749819669.196500
Case #36: 3668371540709.193000
Case #37: 7853895306.149955
Case #38: 247119607411.696040
Case #39: 236799831150.950800
Case #40: 13450731871208.300000
Case #41: 7903380944.779805
Case #42: 1387845895307.589800
Case #43: 206835241262.301270
Case #44: 219982955416.499940
Case #45: 257183285000.868960
Case #46: 2761876661148.981000
Case #47: 1536309926254.192900
Case #48: 7909968883.423940
Case #49: 22140782403.882770
Case #50: 3753451128998.710000
Case #51: 25058254673.229115
Case #52: 6427336019600.458000
Case #53: 4058518640828.774400
Case #54: 180122781143.828860
Case #55: 219082511875.659030
Case #56: 1318400760329.166300
Case #57: 209096471586.088320
Case #58: 196075748464.070950
Case #59: 2688684098654.871600
Case #60: 13985456319046.287000
Case #61: 3514911726477.110000
Case #62: 363016420892.064150
Case #63: 559398978771.233300
Case #64: 2968219497444.289000
Case #65: 3238834904492.197800
Case #66: 1134201964734.278600
Case #67: 30339117590.032856
Case #68: 22068580138.111076
Case #69: 6635514026731.970000
Case #70: 24850764887.750490
Case #71: 65973445725385.660000
Case #72: 933890138355.174100
Case #73: 18786548932693.870000
Case #74: 899226636507.075100
Case #75: 9.424778
Case #76: 166590751156.821350
Case #77: 14771274515706.299000
Case #78: 8508899850.619605
Case #79: 195109540355.717000
Case #80: 5557227353625.559000
Case #81: 3417461347634.369000
Case #82: 1494128466702.391800
Case #83: 183338486742.143130
Case #84: 1282299467756.164300
Case #85: 3059893640521.802700
Case #86: 2844516028437.786000
Case #87: 6631872045.535914
Case #88: 14454351203428.928000
Case #89: 7191148184.063419
Case #90: 10167292202512.197000
Case #91: 1618718891145.261200
Case #92: 187100927925.979000
Case #93: 9667587596218.068000
Case #94: 748000319686.974900
Case #95: 2237011008265.883000
Case #96: 929910444091.865600
Case #97: 1032363786747.927600
Case #98: 5911223815909.293000
Case #99: 10090653743372.682000
Case #100: 8573445458.191897
