Case #1: 138230.076758
Case #2: 150796.447372
Case #3: 43982.297150
Case #4: 625.176938
Case #5: 14896478258090.188000
Case #6: 1774747898335.202400
Case #7: 6597999578.898876
Case #8: 41214955090.729030
Case #9: 2900426721408.610400
Case #10: 3824409129790.927200
Case #11: 271180875780.777620
Case #12: 7227411257373.480000
Case #13: 269450433262.627350
Case #14: 221627036410.257800
Case #15: 177044331895.054320
Case #16: 2567932540734.968000
Case #17: 1354413714913.872800
Case #18: 1041428488116.750400
Case #19: 1108543260246.903000
Case #20: 9.424778
Case #21: 24711943942030.676000
Case #22: 2739973793812.418000
Case #23: 1288025802099.256300
Case #24: 250846616070.531740
Case #25: 15074592309160.734000
Case #26: 40498942054.714165
Case #27: 9653218405192.191000
Case #28: 18662915535.617170
Case #29: 14446656279763.926000
Case #30: 220558543674.837040
Case #31: 678125757584.440200
Case #32: 7730548848511.721000
Case #33: 254057836269.359650
Case #34: 133771319865.365660
Case #35: 155840241701.943300
Case #36: 39276260203.182594
Case #37: 2435977809838.711400
Case #38: 3755104416762.748000
Case #39: 1227721890505.016000
Case #40: 1333326243052.806400
Case #41: 1123811320222.250200
Case #42: 343357402433.596100
Case #43: 181046518720.833370
Case #44: 15630365039916.744000
Case #45: 7473981731636.673000
Case #46: 2841502443432.618700
Case #47: 258229055488.838650
Case #48: 19876797598453.570000
Case #49: 4806871055216.117000
Case #50: 1149140871210.008800
Case #51: 42210772675.285530
Case #52: 443276379117.957800
Case #53: 7211377187071.143000
Case #54: 50002837237.703460
Case #55: 33922224585.778057
Case #56: 1694816219313.114700
Case #57: 2112937943974.701700
Case #58: 4330298269153.134300
Case #59: 414198964401.231600
Case #60: 582905746219.479200
Case #61: 3017772081415.534700
Case #62: 1865976820264.548300
Case #63: 442532611731.910300
Case #64: 22592046971.006714
Case #65: 12016719774488.684000
Case #66: 9958898621067.795000
Case #67: 32975199629.644760
Case #68: 3287512636198.128400
Case #69: 746380623436.942900
Case #70: 65973445725385.660000
Case #71: 16423690192.837677
Case #72: 1886347577119.571000
Case #73: 2822529437320.854500
Case #74: 5832543124717.883000
Case #75: 3175359029032.477500
Case #76: 240438993037.776900
Case #77: 246132765347.926060
Case #78: 129451677762.870330
Case #79: 4515287488677.408000
Case #80: 1833296404193.545000
Case #81: 12964929545173.370000
Case #82: 40850378896.155556
Case #83: 6984627412606.628000
Case #84: 58213081654.966190
Case #85: 38377686255.545760
Case #86: 7717761824.656452
Case #87: 8908764383.656786
Case #88: 4279772775619.723000
Case #89: 181406882344.392850
Case #90: 210527803733.707950
Case #91: 365493030162.518400
Case #92: 268563786820.747620
Case #93: 935586655649.921900
Case #94: 209595449817.346600
Case #95: 27728012795.379690
Case #96: 3997491315247.112300
Case #97: 23507203859.447820
Case #98: 16770815016.149641
Case #99: 265145342103.099980
Case #100: 2376579668779.771500
