Case #1: AB AB
Case #2: AC AB A CB
Case #3: CA CB
Case #4: BA BA BC
