Case #1: 
0.3535533906 0.0000000000 0.3535533906
0.0000000000 0.5000000000 -0.0000000000
-0.3535533906 0.0000000000 0.3535533906
Case #2: 
0.3535533906 0.0528039856 0.3495879562
0.0000000000 0.4943920289 -0.0746761125
-0.3535533906 0.0528039856 0.3495879562
Case #3: 
0.3535533906 0.1178509427 0.3333333996
0.0000000000 0.4714046145 -0.1666664016
-0.3535533906 0.1178509427 0.3333333996
Case #4: 
0.3535533906 0.1178511302 0.3333333333
0.0000000000 0.4714045208 -0.1666666667
-0.3535533906 0.1178511302 0.3333333333
Case #5: 
0.3535533906 0.1479379274 0.3211142626
0.0000000000 0.4541241452 -0.2092158233
-0.3535533906 0.1479379274 0.3211142626
Case #6: 
0.3535533906 0.2784030206 0.2179260382
0.0000000000 0.3081939588 -0.3937213275
-0.3535533906 0.2784030206 0.2179260382
