Case #1: 
0.3535533906 0.0000000000 0.3535533906
0.0000000000 0.5000000000 -0.0000000000
-0.3535533906 0.0000000000 0.3535533906
Case #2: 
0.3535533906 0.1178509427 0.3333333996
0.0000000000 0.4714046145 -0.1666664016
-0.3535533906 0.1178509427 0.3333333996
Case #3: 
0.3535533906 0.1178511302 0.3333333333
0.0000000000 0.4714045208 -0.1666666667
-0.3535533906 0.1178511302 0.3333333333
