Case #1: 101.000000
Case #2: 100.000000
Case #3: 23196.608375
Case #4: 15462.392844
Case #5: 8090.465200
Case #6: 12263.861680
Case #7: 15031.323430
Case #8: 14430.481800
Case #9: 1000000000.000000
Case #10: 11263.166820
Case #11: 3432.451588
Case #12: 619.265086
Case #13: 9631.831521
Case #14: 3496.536318
Case #15: 555.501305
Case #16: 16663.901118
Case #17: 2.000000
Case #18: 12039.707156
Case #19: 1000000000.000000
Case #20: 19709.855694
Case #21: 487.530065
Case #22: 63475.977035
Case #23: 6282.381605
Case #24: 11744.815888
Case #25: 6653.627397
Case #26: 16860.483291
Case #27: 57787.294229
Case #28: 6975.412872
Case #29: 111944.108839
Case #30: 6062.084601
Case #31: 49080.193966
Case #32: 65602.470969
Case #33: 9993.843005
Case #34: 762.699729
Case #35: 22666.800518
Case #36: 23564.307993
Case #37: 9516.350020
Case #38: 2.025000
Case #39: 38134.601852
Case #40: 39166.436402
Case #41: 3862.543268
Case #42: 12178.384180
Case #43: 10641.019536
Case #44: 24628.636630
Case #45: 10000.000010
Case #46: 3547.623173
Case #47: 2.000000
Case #48: 9316.535927
Case #49: 75839.271387
Case #50: 666666666.666667
Case #51: 18847.299781
Case #52: 11097.989388
Case #53: 178.359936
Case #54: 68087.134971
Case #55: 10000.001000
Case #56: 22485.397652
Case #57: 10432.867752
Case #58: 11402.057583
Case #59: 1668.805820
Case #60: 47451.782080
Case #61: 1282.384230
Case #62: 5655.047388
Case #63: 8528.887824
Case #64: 27552.828485
Case #65: 13982.954079
Case #66: 4342.189674
Case #67: 43439.677377
Case #68: 10000000000000.000000
Case #69: 8254.379062
Case #70: 12022.604934
Case #71: 18283.641740
Case #72: 103781.033705
Case #73: 1617.266015
Case #74: 1.000000
Case #75: 2315.765397
Case #76: 5800.515915
Case #77: 5714.654240
Case #78: 20000.000000
Case #79: 12582.397050
Case #80: 6769.217424
Case #81: 5000000.000000
Case #82: 32431.132452
Case #83: 15031.964116
Case #84: 6171.950223
Case #85: 8761.261994
Case #86: 1500000000.000000
Case #87: 6537.748082
Case #88: 1.025646
Case #89: 500.000000
Case #90: 2374.549720
Case #91: 15592.994447
Case #92: 4076.020483
Case #93: 8328.852104
Case #94: 14951.717781
Case #95: 1791.720670
Case #96: 55968.998338
Case #97: 4261.519523
Case #98: 5321.948710
Case #99: 9993.640040
