Case #1: 1
Case #2: 0
Case #3: IMPOSSIBLE
Case #4: 2
Case #5: 0
Case #6: 5
Case #7: 28
Case #8: 29
Case #9: IMPOSSIBLE
Case #10: 132
Case #11: 131
