Case #1: 0.000000
Case #2: 0.000000
Case #3: 1.000000
Case #4: 0.888889
Case #5: 9.000000
