Case #1: 0.00000 1.00000
Case #2: 1.00000 6.00000
Case #3: 3.36341 1.00000
